<html>
<body>
<pre>
<h1>礦ision Build Log</h1>
<h2>Tool Versions:</h2>
IDE-Version: μVision V5.28.0.0
Copyright (C) 2019 ARM Ltd and ARM Germany GmbH. All rights reserved.
License Information: SAN SAN, SAN, LIC=6XJRA-1HL25-WJC6K-Z4GKC-M83HI-4ZF5C
 
Tool Versions:
Toolchain:       MDK-ARM Professional  Version: 5.28.0.0
Toolchain Path:  E:\STM32ARM\ARM\ARMCC\Bin
C Compiler:      Armcc.exe V5.06 update 6 (build 750)
Assembler:       Armasm.exe V5.06 update 6 (build 750)
Linker/Locator:  ArmLink.exe V5.06 update 6 (build 750)
Library Manager: ArmAr.exe V5.06 update 6 (build 750)
Hex Converter:   FromElf.exe V5.06 update 6 (build 750)
CPU DLL:         SARMCM3.DLL V5.28.0.0
Dialog DLL:      DCM.DLL V1.17.3.0
Target DLL:      STLink\ST-LINKIII-KEIL_SWO.dll V3.0.6.0
Dialog DLL:      TCM.DLL V1.36.2.0
 
<h2>Project:</h2>
E:\STM32.school\FW\E_fft4pin\E_fft\E_fft\MDK-ARM\E_fft.uvprojx
Project File Date:  04/24/2023

<h2>Output:</h2>
*** Using Compiler 'V5.06 update 6 (build 750)', folder: 'E:\STM32ARM\ARM\ARMCC\Bin'
Build target 'E_fft'
assembling startup_stm32f407xx.s...
compiling dma.c...
compiling usart.c...
compiling main.c...
../Src/main.c(115): warning:  #223-D: function "IIC_Init" declared implicitly
  	IIC_Init();		//初始化LED	
../Src/main.c(123): warning:  #223-D: function "OLED_Refresh" declared implicitly
  	OLED_Refresh();//更新oled缓存
../Src/main.c(147): warning:  #167-D: argument of type "uint8_t *" is incompatible with parameter of type "char *restrict"
  			snprintf(dis_buff,sizeof(dis_buff),"THD:%2.2f%%   ",THD*100);
../Src/main.c(235): warning:  #177-D: variable "i"  was declared but never referenced
    uint16_t i; 
../Src/main.c(236): warning:  #177-D: variable "j"  was declared but never referenced
  	uint16_t j; 
../Src/main.c(237): warning:  #177-D: variable "k"  was declared but never referenced
  	uint16_t k;
../Src/main.c(238): warning:  #550-D: variable "distort_comp"  was set but never used
  	float distort_comp = 0;	//失真度算法补偿
../Src/main.c(299): warning:  #223-D: function "OLED_ShowChinese" declared implicitly
  		OLED_ShowChinese(0,16,0,16);			//无
../Src/main.c(306): warning:  #223-D: function "OLED_ShowChinese" declared implicitly
  		OLED_ShowChinese(0,16,3,16);			//顶
../Src/main.c(313): warning:  #223-D: function "OLED_ShowChinese" declared implicitly
  		OLED_ShowChinese(0,16,5,16);			//底
../Src/main.c(320): warning:  #223-D: function "OLED_ShowChinese" declared implicitly
  		OLED_ShowChinese(0,16,7,16);			//双
../Src/main.c(327): warning:  #223-D: function "OLED_ShowChinese" declared implicitly
  		OLED_ShowChinese(0,16,9,16);			//交
../Src/main.c: 12 warnings, 0 errors
compiling gpio.c...
../Src/gpio.c(155): warning:  #188-D: enumerated type mixed with another type
  	HAL_GPIO_WritePin(SW1_1_GPIO_Port,SW1_1_Pin,(state & 0x40)>>6);
../Src/gpio.c(156): warning:  #188-D: enumerated type mixed with another type
  	HAL_GPIO_WritePin(SW1_2_GPIO_Port,SW1_2_Pin,(state & 0x20)>>5);
../Src/gpio.c(157): warning:  #188-D: enumerated type mixed with another type
  	HAL_GPIO_WritePin(SW1_3_GPIO_Port,SW1_3_Pin,(state & 0x10)>>4);
../Src/gpio.c(158): warning:  #188-D: enumerated type mixed with another type
  	HAL_GPIO_WritePin(SW2_1_GPIO_Port,SW2_1_Pin,(state & 0x08)>>3);
../Src/gpio.c(159): warning:  #188-D: enumerated type mixed with another type
  	HAL_GPIO_WritePin(SW2_2_GPIO_Port,SW2_2_Pin,(state & 0x04)>>2);
../Src/gpio.c(160): warning:  #188-D: enumerated type mixed with another type
  	HAL_GPIO_WritePin(SW3_1_GPIO_Port,SW3_1_Pin,(state & 0x02)>>1);
../Src/gpio.c(161): warning:  #188-D: enumerated type mixed with another type
  	HAL_GPIO_WritePin(SW3_2_GPIO_Port,SW3_2_Pin,(state & 0x01));
../Src/gpio.c: 7 warnings, 0 errors
compiling adc.c...
compiling tim.c...
compiling stm32f4xx_it.c...
compiling stm32f4xx_hal_rcc_ex.c...
compiling stm32f4xx_hal_adc_ex.c...
compiling stm32f4xx_hal_msp.c...
compiling stm32f4xx_hal_flash.c...
compiling stm32f4xx_hal_flash_ramfunc.c...
compiling stm32f4xx_hal_flash_ex.c...
compiling stm32f4xx_hal_adc.c...
compiling stm32f4xx_hal_rcc.c...
compiling stm32f4xx_hal_dma.c...
compiling stm32f4xx_hal.c...
compiling stm32f4xx_hal_gpio.c...
compiling stm32f4xx_hal_pwr.c...
compiling stm32f4xx_hal_dma_ex.c...
compiling stm32f4xx_hal_cortex.c...
compiling stm32f4xx_hal_pwr_ex.c...
compiling stm32f4xx_hal_exti.c...
compiling myiic.c...
..\OLED_PIN4\myiic.h(29): warning:  #1-D: last line of file ends without a newline
  #endif
..\OLED_PIN4\myiic.c: 1 warning, 0 errors
compiling stm32f4xx_hal_tim.c...
compiling stm32f4xx_hal_tim_ex.c...
compiling system_stm32f4xx.c...
compiling stm32f4xx_hal_uart.c...
compiling delay.c...
compiling oled.c...
..\OLED_PIN4\myiic.h(29): warning:  #1-D: last line of file ends without a newline
  #endif
..\OLED_PIN4\oledfont.h(362): warning:  #1-D: last line of file ends without a newline
  #endif
..\OLED_PIN4\oled.c: 2 warnings, 0 errors
linking...
Program Size: Code=18988 RO-data=85640 RW-data=1096 ZI-data=16792  
FromELF: creating hex file...
"E_fft\E_fft.axf" - 0 Error(s), 22 Warning(s).

<h2>Software Packages used:</h2>

Package Vendor: ARM
                http://www.keil.com/pack/ARM.CMSIS.5.8.0.pack
                ARM.CMSIS.5.8.0
                CMSIS (Common Microcontroller Software Interface Standard)
   * Component: CORE Version: 5.5.0

Package Vendor: Keil
                http://www.keil.com/pack/Keil.STM32F4xx_DFP.2.12.0.pack
                Keil.STM32F4xx_DFP.2.12.0
                STMicroelectronics STM32F4 Series Device Support, Drivers and Examples

<h2>Collection of Component include folders:</h2>
  .\RTE\_E_fft
  E:\STM32ARM\ARM\CMSIS\5.8.0\CMSIS\Core\Include
  E:\STM32ARM\Keil\STM32F4xx_DFP\2.12.0\Drivers\CMSIS\Device\ST\STM32F4xx\Include

<h2>Collection of Component Files used:</h2>

   * Component: ARM::CMSIS:CORE:5.5.0
Build Time Elapsed:  00:00:28
</pre>
</body>
</html>
