Component: ARM Compiler 5.06 update 6 (build 750) Tool: armlink [4d35ed]

==============================================================================

Section Cross References

    startup_stm32f407xx.o(RESET) refers to startup_stm32f407xx.o(STACK) for __initial_sp
    startup_stm32f407xx.o(RESET) refers to startup_stm32f407xx.o(.text) for Reset_Handler
    startup_stm32f407xx.o(RESET) refers to stm32f4xx_it.o(i.NMI_Handler) for NMI_Handler
    startup_stm32f407xx.o(RESET) refers to stm32f4xx_it.o(i.HardFault_Handler) for HardFault_Handler
    startup_stm32f407xx.o(RESET) refers to stm32f4xx_it.o(i.MemManage_Handler) for MemManage_Handler
    startup_stm32f407xx.o(RESET) refers to stm32f4xx_it.o(i.BusFault_Handler) for BusFault_Handler
    startup_stm32f407xx.o(RESET) refers to stm32f4xx_it.o(i.UsageFault_Handler) for UsageFault_Handler
    startup_stm32f407xx.o(RESET) refers to stm32f4xx_it.o(i.SVC_Handler) for SVC_Handler
    startup_stm32f407xx.o(RESET) refers to stm32f4xx_it.o(i.DebugMon_Handler) for DebugMon_Handler
    startup_stm32f407xx.o(RESET) refers to stm32f4xx_it.o(i.PendSV_Handler) for PendSV_Handler
    startup_stm32f407xx.o(RESET) refers to stm32f4xx_it.o(i.SysTick_Handler) for SysTick_Handler
    startup_stm32f407xx.o(RESET) refers to stm32f4xx_it.o(i.ADC_IRQHandler) for ADC_IRQHandler
    startup_stm32f407xx.o(RESET) refers to stm32f4xx_it.o(i.EXTI9_5_IRQHandler) for EXTI9_5_IRQHandler
    startup_stm32f407xx.o(RESET) refers to stm32f4xx_it.o(i.TIM1_UP_TIM10_IRQHandler) for TIM1_UP_TIM10_IRQHandler
    startup_stm32f407xx.o(RESET) refers to stm32f4xx_it.o(i.EXTI15_10_IRQHandler) for EXTI15_10_IRQHandler
    startup_stm32f407xx.o(RESET) refers to stm32f4xx_it.o(i.DMA2_Stream0_IRQHandler) for DMA2_Stream0_IRQHandler
    startup_stm32f407xx.o(.text) refers to system_stm32f4xx.o(i.SystemInit) for SystemInit
    startup_stm32f407xx.o(.text) refers to entry.o(.ARM.Collect$$$$00000000) for __main
    main.o(i.HAL_ADC_ConvCpltCallback) refers to stm32f4xx_hal_tim.o(i.HAL_TIM_Base_Stop) for HAL_TIM_Base_Stop
    main.o(i.HAL_ADC_ConvCpltCallback) refers to stm32f4xx_hal_adc.o(i.HAL_ADC_Stop_DMA) for HAL_ADC_Stop_DMA
    main.o(i.HAL_ADC_ConvCpltCallback) refers to adc.o(.bss) for hadc1
    main.o(i.HAL_ADC_ConvCpltCallback) refers to tim.o(.bss) for htim2
    main.o(i.HAL_ADC_ConvCpltCallback) refers to main.o(.data) for .data
    main.o(i.HAL_TIM_PeriodElapsedCallback) refers to stm32f4xx_hal_gpio.o(i.HAL_GPIO_TogglePin) for HAL_GPIO_TogglePin
    main.o(i.HAL_TIM_PeriodElapsedCallback) refers to tim.o(.bss) for htim1
    main.o(i.HAL_TIM_PeriodElapsedCallback) refers to main.o(.data) for .data
    main.o(i.SystemClock_Config) refers to memseta.o(.text) for __aeabi_memclr4
    main.o(i.SystemClock_Config) refers to stm32f4xx_hal_rcc.o(i.HAL_RCC_OscConfig) for HAL_RCC_OscConfig
    main.o(i.SystemClock_Config) refers to stm32f4xx_hal_rcc.o(i.HAL_RCC_ClockConfig) for HAL_RCC_ClockConfig
    main.o(i.arm_rfft_fast_f32_app) refers to arm_rfft_fast_init_f32.o(.text) for arm_rfft_fast_init_f32
    main.o(i.arm_rfft_fast_f32_app) refers to arm_rfft_fast_f32.o(.text) for arm_rfft_fast_f32
    main.o(i.arm_rfft_fast_f32_app) refers to arm_cmplx_mag_f32.o(.text) for arm_cmplx_mag_f32
    main.o(i.arm_rfft_fast_f32_app) refers to f2d.o(.text) for __aeabi_f2d
    main.o(i.arm_rfft_fast_f32_app) refers to printfa.o(i.__0printf) for __2printf
    main.o(i.arm_rfft_fast_f32_app) refers to sqrtf_full.o(i.__hardfp_sqrtf) for __hardfp_sqrtf
    main.o(i.arm_rfft_fast_f32_app) refers to main.o(.bss) for .bss
    main.o(i.arm_rfft_fast_f32_app) refers to main.o(.data) for .data
    main.o(i.display_distort) refers to oled.o(i.OLED_ShowChinese) for OLED_ShowChinese
    main.o(i.display_distort) refers to oled.o(i.OLED_ShowString) for OLED_ShowString
    main.o(i.main) refers to stm32f4xx_hal.o(i.HAL_Init) for HAL_Init
    main.o(i.main) refers to main.o(i.SystemClock_Config) for SystemClock_Config
    main.o(i.main) refers to gpio.o(i.MX_GPIO_Init) for MX_GPIO_Init
    main.o(i.main) refers to dma.o(i.MX_DMA_Init) for MX_DMA_Init
    main.o(i.main) refers to adc.o(i.MX_ADC1_Init) for MX_ADC1_Init
    main.o(i.main) refers to tim.o(i.MX_TIM2_Init) for MX_TIM2_Init
    main.o(i.main) refers to usart.o(i.MX_USART1_UART_Init) for MX_USART1_UART_Init
    main.o(i.main) refers to tim.o(i.MX_TIM1_Init) for MX_TIM1_Init
    main.o(i.main) refers to myiic.o(i.IIC_Init) for IIC_Init
    main.o(i.main) refers to oled.o(i.OLED_Init) for OLED_Init
    main.o(i.main) refers to stm32f4xx_hal_tim.o(i.HAL_TIM_Base_Start_IT) for HAL_TIM_Base_Start_IT
    main.o(i.main) refers to stm32f4xx_hal_tim.o(i.HAL_TIM_Base_Start) for HAL_TIM_Base_Start
    main.o(i.main) refers to stm32f4xx_hal_adc.o(i.HAL_ADC_Start_DMA) for HAL_ADC_Start_DMA
    main.o(i.main) refers to gpio.o(i.SW_Control) for SW_Control
    main.o(i.main) refers to oled.o(i.OLED_Refresh) for OLED_Refresh
[...]
    ..\\ComplexMathFunctions\\arm_cmplx_mag_f32.c 0x00000000   Number         0  arm_cmplx_mag_f32.o ABSOLUTE
    ..\\OLED_PIN4\\delay.c                   0x00000000   Number         0  delay.o ABSOLUTE
    ..\\OLED_PIN4\\myiic.c                   0x00000000   Number         0  myiic.o ABSOLUTE
    ..\\OLED_PIN4\\oled.c                    0x00000000   Number         0  oled.o ABSOLUTE
    ..\\TransformFunctions\\arm_bitreversal2.S 0x00000000   Number         0  arm_bitreversal2.o ABSOLUTE
    ..\\TransformFunctions\\arm_cfft_f32.c   0x00000000   Number         0  arm_cfft_f32.o ABSOLUTE
    ..\\TransformFunctions\\arm_cfft_radix8_f32.c 0x00000000   Number         0  arm_cfft_radix8_f32.o ABSOLUTE
    ..\\TransformFunctions\\arm_rfft_fast_f32.c 0x00000000   Number         0  arm_rfft_fast_f32.o ABSOLUTE
    ..\\TransformFunctions\\arm_rfft_fast_init_f32.c 0x00000000   Number         0  arm_rfft_fast_init_f32.o ABSOLUTE
    cdrcmple.s                               0x00000000   Number         0  cdrcmple.o ABSOLUTE
    dc.s                                     0x00000000   Number         0  dc.o ABSOLUTE
    handlers.s                               0x00000000   Number         0  handlers.o ABSOLUTE
    init.s                                   0x00000000   Number         0  init.o ABSOLUTE
    startup_stm32f407xx.s                    0x00000000   Number         0  startup_stm32f407xx.o ABSOLUTE
    RESET                                    0x08000000   Section      392  startup_stm32f407xx.o(RESET)
    . text                                   0x08000188   Section      192  arm_bitreversal2.o(. text)
    $v0                                      0x08000188   Number         0  arm_bitreversal2.o(. text)
    .ARM.Collect$$$$00000000                 0x08000248   Section        0  entry.o(.ARM.Collect$$$$00000000)
    .ARM.Collect$$$$00000001                 0x08000248   Section        4  entry2.o(.ARM.Collect$$$$00000001)
    .ARM.Collect$$$$00000004                 0x0800024c   Section        4  entry5.o(.ARM.Collect$$$$00000004)
    .ARM.Collect$$$$00000008                 0x08000250   Section        0  entry7b.o(.ARM.Collect$$$$00000008)
    .ARM.Collect$$$$0000000A                 0x08000250   Section        0  entry8b.o(.ARM.Collect$$$$0000000A)
    .ARM.Collect$$$$0000000B                 0x08000250   Section        8  entry9a.o(.ARM.Collect$$$$0000000B)
    .ARM.Collect$$$$0000000D                 0x08000258   Section        0  entry10a.o(.ARM.Collect$$$$0000000D)
    .ARM.Collect$$$$0000000F                 0x08000258   Section        0  entry11a.o(.ARM.Collect$$$$0000000F)
    .ARM.Collect$$$$00002712                 0x08000258   Section        4  entry2.o(.ARM.Collect$$$$00002712)
    __lit__00000000                          0x08000258   Data           4  entry2.o(.ARM.Collect$$$$00002712)
    .text                                    0x0800025c   Section       36  startup_stm32f407xx.o(.text)
    $v0                                      0x0800025c   Number         0  startup_stm32f407xx.o(.text)
    .text                                    0x08000280   Section        0  arm_cmplx_mag_f32.o(.text)
    .text                                    0x0800037c   Section        0  arm_rfft_fast_f32.o(.text)
    .text                                    0x08000510   Section        0  arm_rfft_fast_init_f32.o(.text)
    .text                                    0x08000638   Section        0  arm_cfft_f32.o(.text)
    .text                                    0x08000d5c   Section        0  arm_cfft_radix8_f32.o(.text)
    .text                                    0x08001238   Section        0  uldiv.o(.text)
    .text                                    0x0800129a   Section        0  memseta.o(.text)
    .text                                    0x080012be   Section        0  dmul.o(.text)
    .text                                    0x080013a2   Section        0  dfltui.o(.text)
    .text                                    0x080013bc   Section        0  f2d.o(.text)
    .text                                    0x080013e2   Section        0  d2f.o(.text)
    .text                                    0x0800141a   Section        0  uidiv.o(.text)
    .text                                    0x08001446   Section        0  llshl.o(.text)
    .text                                    0x08001464   Section        0  llushr.o(.text)
    .text                                    0x08001484   Section        0  iusefp.o(.text)
    .text                                    0x08001484   Section        0  fepilogue.o(.text)
    .text                                    0x080014f2   Section        0  depilogue.o(.text)
    .text                                    0x080015ac   Section        0  dadd.o(.text)
    .text                                    0x080016fa   Section        0  ddiv.o(.text)
    .text                                    0x080017d8   Section        0  dfixul.o(.text)
    .text                                    0x08001808   Section       48  cdrcmple.o(.text)
    .text                                    0x08001838   Section       36  init.o(.text)
    .text                                    0x0800185c   Section        0  llsshr.o(.text)
    .text                                    0x08001880   Section        0  __dczerorl2.o(.text)
    i.ADC_DMAConvCplt                        0x080018d6   Section        0  stm32f4xx_hal_adc.o(i.ADC_DMAConvCplt)
    ADC_DMAConvCplt                          0x080018d7   Thumb Code   110  stm32f4xx_hal_adc.o(i.ADC_DMAConvCplt)
    i.ADC_DMAError                           0x08001944   Section        0  stm32f4xx_hal_adc.o(i.ADC_DMAError)
    ADC_DMAError                             0x08001945   Thumb Code    22  stm32f4xx_hal_adc.o(i.ADC_DMAError)
    i.ADC_DMAHalfConvCplt                    0x0800195a   Section        0  stm32f4xx_hal_adc.o(i.ADC_DMAHalfConvCplt)
    ADC_DMAHalfConvCplt                      0x0800195b   Thumb Code    10  stm32f4xx_hal_adc.o(i.ADC_DMAHalfConvCplt)
    i.ADC_IRQHandler                         0x08001964   Section        0  stm32f4xx_it.o(i.ADC_IRQHandler)
    i.ADC_Init                               0x08001970   Section        0  stm32f4xx_hal_adc.o(i.ADC_Init)
    ADC_Init                                 0x08001971   Thumb Code   284  stm32f4xx_hal_adc.o(i.ADC_Init)
    i.BusFault_Handler                       0x08001a98   Section        0  stm32f4xx_it.o(i.BusFault_Handler)
    i.DMA2_Stream0_IRQHandler                0x08001a9c   Section        0  stm32f4xx_it.o(i.DMA2_Stream0_IRQHandler)
    i.DMA_CalcBaseAndBitshift                0x08001aa8   Section        0  stm32f4xx_hal_dma.o(i.DMA_CalcBaseAndBitshift)
    DMA_CalcBaseAndBitshift                  0x08001aa9   Thumb Code    34  stm32f4xx_hal_dma.o(i.DMA_CalcBaseAndBitshift)
    i.DMA_CheckFifoParam                     0x08001ad0   Section        0  stm32f4xx_hal_dma.o(i.DMA_CheckFifoParam)
    DMA_CheckFifoParam                       0x08001ad1   Thumb Code    84  stm32f4xx_hal_dma.o(i.DMA_CheckFifoParam)
    i.DMA_SetConfig                          0x08001b24   Section        0  stm32f4xx_hal_dma.o(i.DMA_SetConfig)
    DMA_SetConfig                            0x08001b25   Thumb Code    40  stm32f4xx_hal_dma.o(i.DMA_SetConfig)
    i.DebugMon_Handler                       0x08001b4c   Section        0  stm32f4xx_it.o(i.DebugMon_Handler)
    i.EXTI15_10_IRQHandler                   0x08001b4e   Section        0  stm32f4xx_it.o(i.EXTI15_10_IRQHandler)
    i.EXTI9_5_IRQHandler                     0x08001b64   Section        0  stm32f4xx_it.o(i.EXTI9_5_IRQHandler)
    i.Error_Handler                          0x08001b6c   Section        0  main.o(i.Error_Handler)
    i.HAL_ADCEx_InjectedConvCpltCallback     0x08001b6e   Section        0  stm32f4xx_hal_adc_ex.o(i.HAL_ADCEx_InjectedConvCpltCallback)
    i.HAL_ADC_ConfigChannel                  0x08001b70   Section        0  stm32f4xx_hal_adc.o(i.HAL_ADC_ConfigChannel)
    i.HAL_ADC_ConvCpltCallback               0x08001cbc   Section        0  main.o(i.HAL_ADC_ConvCpltCallback)
    i.HAL_ADC_ConvHalfCpltCallback           0x08001ce4   Section        0  stm32f4xx_hal_adc.o(i.HAL_ADC_ConvHalfCpltCallback)
    i.HAL_ADC_ErrorCallback                  0x08001ce6   Section        0  stm32f4xx_hal_adc.o(i.HAL_ADC_ErrorCallback)
    i.HAL_ADC_IRQHandler                     0x08001ce8   Section        0  stm32f4xx_hal_adc.o(i.HAL_ADC_IRQHandler)
    i.HAL_ADC_Init                           0x08001e24   Section        0  stm32f4xx_hal_adc.o(i.HAL_ADC_Init)
    i.HAL_ADC_LevelOutOfWindowCallback       0x08001e78   Section        0  stm32f4xx_hal_adc.o(i.HAL_ADC_LevelOutOfWindowCallback)
    i.HAL_ADC_MspInit                        0x08001e7c   Section        0  adc.o(i.HAL_ADC_MspInit)
    i.HAL_ADC_Start_DMA                      0x08001f24   Section        0  stm32f4xx_hal_adc.o(i.HAL_ADC_Start_DMA)
    i.HAL_ADC_Stop_DMA                       0x08002054   Section        0  stm32f4xx_hal_adc.o(i.HAL_ADC_Stop_DMA)
    i.HAL_DMA_Abort                          0x080020ac   Section        0  stm32f4xx_hal_dma.o(i.HAL_DMA_Abort)
    i.HAL_DMA_IRQHandler                     0x0800213c   Section        0  stm32f4xx_hal_dma.o(i.HAL_DMA_IRQHandler)
    i.HAL_DMA_Init                           0x080022dc   Section        0  stm32f4xx_hal_dma.o(i.HAL_DMA_Init)
    i.HAL_DMA_Start_IT                       0x080023b0   Section        0  stm32f4xx_hal_dma.o(i.HAL_DMA_Start_IT)
    i.HAL_Delay                              0x08002420   Section        0  stm32f4xx_hal.o(i.HAL_Delay)
    i.HAL_GPIO_EXTI_Callback                 0x08002444   Section        0  gpio.o(i.HAL_GPIO_EXTI_Callback)
    i.HAL_GPIO_EXTI_IRQHandler               0x080024dc   Section        0  stm32f4xx_hal_gpio.o(i.HAL_GPIO_EXTI_IRQHandler)
    i.HAL_GPIO_Init                          0x080024f4   Section        0  stm32f4xx_hal_gpio.o(i.HAL_GPIO_Init)
    i.HAL_GPIO_ReadPin                       0x080026ac   Section        0  stm32f4xx_hal_gpio.o(i.HAL_GPIO_ReadPin)
    i.HAL_GPIO_TogglePin                     0x080026b6   Section        0  stm32f4xx_hal_gpio.o(i.HAL_GPIO_TogglePin)
    i.HAL_GPIO_WritePin                      0x080026c4   Section        0  stm32f4xx_hal_gpio.o(i.HAL_GPIO_WritePin)
    i.HAL_GetTick                            0x080026d0   Section        0  stm32f4xx_hal.o(i.HAL_GetTick)
    i.HAL_IncTick                            0x080026dc   Section        0  stm32f4xx_hal.o(i.HAL_IncTick)
    i.HAL_Init                               0x080026ec   Section        0  stm32f4xx_hal.o(i.HAL_Init)
    i.HAL_InitTick                           0x08002720   Section        0  stm32f4xx_hal.o(i.HAL_InitTick)
    i.HAL_MspInit                            0x08002760   Section        0  stm32f4xx_hal_msp.o(i.HAL_MspInit)
    i.HAL_NVIC_EnableIRQ                     0x08002790   Section        0  stm32f4xx_hal_cortex.o(i.HAL_NVIC_EnableIRQ)
    i.HAL_NVIC_SetPriority                   0x080027ac   Section        0  stm32f4xx_hal_cortex.o(i.HAL_NVIC_SetPriority)
    i.HAL_NVIC_SetPriorityGrouping           0x080027ec   Section        0  stm32f4xx_hal_cortex.o(i.HAL_NVIC_SetPriorityGrouping)
    i.HAL_RCC_ClockConfig                    0x08002810   Section        0  stm32f4xx_hal_rcc.o(i.HAL_RCC_ClockConfig)
    i.HAL_RCC_GetPCLK1Freq                   0x08002944   Section        0  stm32f4xx_hal_rcc.o(i.HAL_RCC_GetPCLK1Freq)
    i.HAL_RCC_GetPCLK2Freq                   0x08002964   Section        0  stm32f4xx_hal_rcc.o(i.HAL_RCC_GetPCLK2Freq)
    i.HAL_RCC_GetSysClockFreq                0x08002984   Section        0  stm32f4xx_hal_rcc.o(i.HAL_RCC_GetSysClockFreq)
    i.HAL_RCC_OscConfig                      0x080029e4   Section        0  stm32f4xx_hal_rcc.o(i.HAL_RCC_OscConfig)
    i.HAL_SYSTICK_Config                     0x08002d40   Section        0  stm32f4xx_hal_cortex.o(i.HAL_SYSTICK_Config)
    i.HAL_TIMEx_BreakCallback                0x08002d68   Section        0  stm32f4xx_hal_tim_ex.o(i.HAL_TIMEx_BreakCallback)
    i.HAL_TIMEx_CommutCallback               0x08002d6a   Section        0  stm32f4xx_hal_tim_ex.o(i.HAL_TIMEx_CommutCallback)
    i.HAL_TIMEx_MasterConfigSynchronization  0x08002d6c   Section        0  stm32f4xx_hal_tim_ex.o(i.HAL_TIMEx_MasterConfigSynchronization)
    i.HAL_TIM_Base_Init                      0x08002dfc   Section        0  stm32f4xx_hal_tim.o(i.HAL_TIM_Base_Init)
    i.HAL_TIM_Base_MspInit                   0x08002e34   Section        0  tim.o(i.HAL_TIM_Base_MspInit)
    i.HAL_TIM_Base_Start                     0x08002e88   Section        0  stm32f4xx_hal_tim.o(i.HAL_TIM_Base_Start)
    i.HAL_TIM_Base_Start_IT                  0x08002eac   Section        0  stm32f4xx_hal_tim.o(i.HAL_TIM_Base_Start_IT)
    i.HAL_TIM_Base_Stop                      0x08002ece   Section        0  stm32f4xx_hal_tim.o(i.HAL_TIM_Base_Stop)
    i.HAL_TIM_ConfigClockSource              0x08002efa   Section        0  stm32f4xx_hal_tim.o(i.HAL_TIM_ConfigClockSource)
    i.HAL_TIM_IC_CaptureCallback             0x08002fd0   Section        0  stm32f4xx_hal_tim.o(i.HAL_TIM_IC_CaptureCallback)
    i.HAL_TIM_IRQHandler                     0x08002fd2   Section        0  stm32f4xx_hal_tim.o(i.HAL_TIM_IRQHandler)
    i.HAL_TIM_OC_DelayElapsedCallback        0x08003138   Section        0  stm32f4xx_hal_tim.o(i.HAL_TIM_OC_DelayElapsedCallback)
    i.HAL_TIM_PWM_PulseFinishedCallback      0x0800313a   Section        0  stm32f4xx_hal_tim.o(i.HAL_TIM_PWM_PulseFinishedCallback)
    i.HAL_TIM_PeriodElapsedCallback          0x0800313c   Section        0  main.o(i.HAL_TIM_PeriodElapsedCallback)
    i.HAL_TIM_TriggerCallback                0x08003174   Section        0  stm32f4xx_hal_tim.o(i.HAL_TIM_TriggerCallback)
    i.HAL_UART_Init                          0x08003176   Section        0  stm32f4xx_hal_uart.o(i.HAL_UART_Init)
    i.HAL_UART_MspInit                       0x080031d8   Section        0  usart.o(i.HAL_UART_MspInit)
    i.HAL_UART_Transmit                      0x08003244   Section        0  stm32f4xx_hal_uart.o(i.HAL_UART_Transmit)
    i.HardFault_Handler                      0x080032fe   Section        0  stm32f4xx_it.o(i.HardFault_Handler)
    i.IIC_Init                               0x08003300   Section        0  myiic.o(i.IIC_Init)
    i.IIC_Send_Byte                          0x08003358   Section        0  myiic.o(i.IIC_Send_Byte)
    i.IIC_Start                              0x080033ac   Section        0  myiic.o(i.IIC_Start)
    i.IIC_Stop                               0x080033dc   Section        0  myiic.o(i.IIC_Stop)
    i.IIC_Wait_Ack                           0x0800340c   Section        0  myiic.o(i.IIC_Wait_Ack)
    i.IN_CHG                                 0x08003450   Section        0  myiic.o(i.IN_CHG)
    i.MX_ADC1_Init                           0x08003470   Section        0  adc.o(i.MX_ADC1_Init)
    i.MX_DMA_Init                            0x080034d4   Section        0  dma.o(i.MX_DMA_Init)
    i.MX_GPIO_Init                           0x08003500   Section        0  gpio.o(i.MX_GPIO_Init)
    i.MX_TIM1_Init                           0x08003630   Section        0  tim.o(i.MX_TIM1_Init)
    i.MX_TIM2_Init                           0x08003698   Section        0  tim.o(i.MX_TIM2_Init)
    i.MX_USART1_UART_Init                    0x080036fc   Section        0  usart.o(i.MX_USART1_UART_Init)
    i.MemManage_Handler                      0x08003734   Section        0  stm32f4xx_it.o(i.MemManage_Handler)
    i.NMI_Handler                            0x08003736   Section        0  stm32f4xx_it.o(i.NMI_Handler)
    i.OLED_Clear                             0x08003738   Section        0  oled.o(i.OLED_Clear)
    i.OLED_ClearPoint                        0x08003764   Section        0  oled.o(i.OLED_ClearPoint)
    i.OLED_DrawPoint                         0x08003784   Section        0  oled.o(i.OLED_DrawPoint)
    i.OLED_Init                              0x080037a0   Section        0  oled.o(i.OLED_Init)
    i.OLED_Refresh                           0x08003894   Section        0  oled.o(i.OLED_Refresh)
    i.OLED_ShowChar                          0x080038e0   Section        0  oled.o(i.OLED_ShowChar)
    i.OLED_ShowChinese                       0x0800398c   Section        0  oled.o(i.OLED_ShowChinese)
    i.OLED_ShowString                        0x08003a5c   Section        0  oled.o(i.OLED_ShowString)
    i.OLED_WR_Byte                           0x08003a9c   Section        0  oled.o(i.OLED_WR_Byte)
    i.OUT_CHG                                0x08003ad4   Section        0  myiic.o(i.OUT_CHG)
    i.PendSV_Handler                         0x08003af4   Section        0  stm32f4xx_it.o(i.PendSV_Handler)
    i.SVC_Handler                            0x08003af6   Section        0  stm32f4xx_it.o(i.SVC_Handler)
    i.SW_Control                             0x08003af8   Section        0  gpio.o(i.SW_Control)
    i.SysTick_Handler                        0x08003b68   Section        0  stm32f4xx_it.o(i.SysTick_Handler)
    i.SystemClock_Config                     0x08003b6c   Section        0  main.o(i.SystemClock_Config)
    i.SystemInit                             0x08003bf0   Section        0  system_stm32f4xx.o(i.SystemInit)
    i.TIM1_UP_TIM10_IRQHandler               0x08003c0c   Section        0  stm32f4xx_it.o(i.TIM1_UP_TIM10_IRQHandler)
    i.TIM_Base_SetConfig                     0x08003c18   Section        0  stm32f4xx_hal_tim.o(i.TIM_Base_SetConfig)
    i.TIM_ETR_SetConfig                      0x08003ce0   Section        0  stm32f4xx_hal_tim.o(i.TIM_ETR_SetConfig)
    i.TIM_ITRx_SetConfig                     0x08003cf4   Section        0  stm32f4xx_hal_tim.o(i.TIM_ITRx_SetConfig)
    TIM_ITRx_SetConfig                       0x08003cf5   Thumb Code    16  stm32f4xx_hal_tim.o(i.TIM_ITRx_SetConfig)
    i.TIM_TI1_ConfigInputStage               0x08003d04   Section        0  stm32f4xx_hal_tim.o(i.TIM_TI1_ConfigInputStage)
    TIM_TI1_ConfigInputStage                 0x08003d05   Thumb Code    34  stm32f4xx_hal_tim.o(i.TIM_TI1_ConfigInputStage)
    i.TIM_TI2_ConfigInputStage               0x08003d26   Section        0  stm32f4xx_hal_tim.o(i.TIM_TI2_ConfigInputStage)
    TIM_TI2_ConfigInputStage                 0x08003d27   Thumb Code    36  stm32f4xx_hal_tim.o(i.TIM_TI2_ConfigInputStage)
    i.UART_SetConfig                         0x08003d4c   Section        0  stm32f4xx_hal_uart.o(i.UART_SetConfig)
    UART_SetConfig                           0x08003d4d   Thumb Code   286  stm32f4xx_hal_uart.o(i.UART_SetConfig)
    i.UART_WaitOnFlagUntilTimeout            0x08003e74   Section        0  stm32f4xx_hal_uart.o(i.UART_WaitOnFlagUntilTimeout)
    UART_WaitOnFlagUntilTimeout              0x08003e75   Thumb Code   100  stm32f4xx_hal_uart.o(i.UART_WaitOnFlagUntilTimeout)
    i.UsageFault_Handler                     0x08003ed8   Section        0  stm32f4xx_it.o(i.UsageFault_Handler)
    i.__0printf                              0x08003edc   Section        0  printfa.o(i.__0printf)
    i.__0snprintf                            0x08003efc   Section        0  printfa.o(i.__0snprintf)
    i.__NVIC_SetPriority                     0x08003f2c   Section        0  stm32f4xx_hal_cortex.o(i.__NVIC_SetPriority)
    __NVIC_SetPriority                       0x08003f2d   Thumb Code    32  stm32f4xx_hal_cortex.o(i.__NVIC_SetPriority)
    i.__hardfp_sqrtf                         0x08003f4c   Section        0  sqrtf_full.o(i.__hardfp_sqrtf)
    i.__scatterload_copy                     0x08003f86   Section       14  handlers.o(i.__scatterload_copy)
    i.__scatterload_null                     0x08003f94   Section        2  handlers.o(i.__scatterload_null)
    i.__scatterload_zeroinit                 0x08003f96   Section       14  handlers.o(i.__scatterload_zeroinit)
    i.__set_errno                            0x08003fa4   Section        0  errno.o(i.__set_errno)
    i._fp_digits                             0x08003fb0   Section        0  printfa.o(i._fp_digits)
    _fp_digits                               0x08003fb1   Thumb Code   366  printfa.o(i._fp_digits)
    i._printf_core                           0x08004134   Section        0  printfa.o(i._printf_core)
    _printf_core                             0x08004135   Thumb Code  1744  printfa.o(i._printf_core)
    i._printf_post_padding                   0x08004810   Section        0  printfa.o(i._printf_post_padding)
    _printf_post_padding                     0x08004811   Thumb Code    36  printfa.o(i._printf_post_padding)
    i._printf_pre_padding                    0x08004834   Section        0  printfa.o(i._printf_pre_padding)
    _printf_pre_padding                      0x08004835   Thumb Code    46  printfa.o(i._printf_pre_padding)
    i._snputc                                0x08004862   Section        0  printfa.o(i._snputc)
    _snputc                                  0x08004863   Thumb Code    22  printfa.o(i._snputc)
    i.arm_rfft_fast_f32_app                  0x08004878   Section        0  main.o(i.arm_rfft_fast_f32_app)
    i.delay_ms                               0x0800496c   Section        0  delay.o(i.delay_ms)
    i.delay_us                               0x08004988   Section        0  delay.o(i.delay_us)
    i.display_distort                        0x080049bc   Section        0  main.o(i.display_distort)
    i.fputc                                  0x08004a64   Section        0  usart.o(i.fputc)
    i.main                                   0x08004a7c   Section        0  main.o(i.main)
    .constdata                               0x08004bb4   Section        8  stm32f4xx_hal_dma.o(.constdata)
    flagBitshiftOffset                       0x08004bb4   Data           8  stm32f4xx_hal_dma.o(.constdata)
    .constdata                               0x08004bbc   Section       16  system_stm32f4xx.o(.constdata)
    .constdata                               0x08004bcc   Section        8  system_stm32f4xx.o(.constdata)
    .constdata                               0x08004bd4   Section     6248  oled.o(.constdata)
    .constdata                               0x0800643c   Section      128  arm_common_tables.o(.constdata)
    .constdata                               0x080064bc   Section      256  arm_common_tables.o(.constdata)
    .constdata                               0x080065bc   Section      512  arm_common_tables.o(.constdata)
    .constdata                               0x080067bc   Section     1024  arm_common_tables.o(.constdata)
    .constdata                               0x08006bbc   Section     2048  arm_common_tables.o(.constdata)
    .constdata                               0x080073bc   Section     4096  arm_common_tables.o(.constdata)
    .constdata                               0x080083bc   Section     8192  arm_common_tables.o(.constdata)
    .constdata                               0x0800a3bc   Section    16384  arm_common_tables.o(.constdata)
    .constdata                               0x0800e3bc   Section       40  arm_common_tables.o(.constdata)
    .constdata                               0x0800e3e4   Section       96  arm_common_tables.o(.constdata)
    .constdata                               0x0800e444   Section      112  arm_common_tables.o(.constdata)
    .constdata                               0x0800e4b4   Section      416  arm_common_tables.o(.constdata)
    .constdata                               0x0800e654   Section      880  arm_common_tables.o(.constdata)
    .constdata                               0x0800e9c4   Section      896  arm_common_tables.o(.constdata)
    .constdata                               0x0800ed44   Section     3600  arm_common_tables.o(.constdata)
    .constdata                               0x0800fb54   Section     7616  arm_common_tables.o(.constdata)
    .constdata                               0x08011914   Section      128  arm_common_tables.o(.constdata)
    .constdata                               0x08011994   Section      256  arm_common_tables.o(.constdata)
    .constdata                               0x08011a94   Section      512  arm_common_tables.o(.constdata)
    .constdata                               0x08011c94   Section     1024  arm_common_tables.o(.constdata)
    .constdata                               0x08012094   Section     2048  arm_common_tables.o(.constdata)
    .constdata                               0x08012894   Section     4096  arm_common_tables.o(.constdata)
    .constdata                               0x08013894   Section     8192  arm_common_tables.o(.constdata)
    .constdata                               0x08015894   Section    16384  arm_common_tables.o(.constdata)
    .data                                    0x20000000   Section       12  main.o(.data)
    .data                                    0x2000000c   Section        6  gpio.o(.data)
    .data                                    0x20000014   Section       12  stm32f4xx_hal.o(.data)
    .data                                    0x20000020   Section        4  system_stm32f4xx.o(.data)
    .data                                    0x20000024   Section     1048  oled.o(.data)
    .data                                    0x2000043c   Section        4  delay.o(.data)
    fac_us                                   0x2000043c   Data           4  delay.o(.data)
    .data                                    0x20000440   Section        4  stdout.o(.data)
    .data                                    0x20000444   Section        4  errno.o(.data)
    _errno                                   0x20000444   Data           4  errno.o(.data)
    .bss                                     0x20000448   Section    14380  main.o(.bss)
    .bss                                     0x20003c74   Section      168  adc.o(.bss)
    .bss                                     0x20003d1c   Section      128  tim.o(.bss)
    .bss                                     0x20003d9c   Section       64  usart.o(.bss)
    .bss                                     0x20003ddc   Section     1024  oled.o(.bss)
    STACK                                    0x200041e0   Section     1024  startup_stm32f407xx.o(STACK)

    Global Symbols

    Symbol Name                              Value     Ov Type        Size  Object(Section)

    BuildAttributes$$THM_ISAv4$E$P$D$K$B$S$7EM$VFPi3$EXTD16$VFPS$VFMA$PE$A:L22UL41UL21$X:L11$S22US41US21$IEEE1$IW$USESV6$~STKCKD$USESV7$~SHL$OTIME$ROPI$IEEEX$EBA8$MICROLIB$REQ8$PRES8$EABIv2 0x00000000   Number         0  anon$$obj.o ABSOLUTE
    __ARM_use_no_argv                        0x00000000   Number         0  main.o ABSOLUTE
    _printf_a                                0x00000000   Number         0  stubs.o ABSOLUTE
    _printf_c                                0x00000000   Number         0  stubs.o ABSOLUTE
    _printf_charcount                        0x00000000   Number         0  stubs.o ABSOLUTE
    _printf_d                                0x00000000   Number         0  stubs.o ABSOLUTE
    _printf_e                                0x00000000   Number         0  stubs.o ABSOLUTE
    _printf_f                                0x00000000   Number         0  stubs.o ABSOLUTE
    _printf_flags                            0x00000000   Number         0  stubs.o ABSOLUTE
    _printf_fp_dec                           0x00000000   Number         0  stubs.o ABSOLUTE
    _printf_fp_hex                           0x00000000   Number         0  stubs.o ABSOLUTE
    _printf_g                                0x00000000   Number         0  stubs.o ABSOLUTE
    _printf_i                                0x00000000   Number         0  stubs.o ABSOLUTE
    _printf_int_dec                          0x00000000   Number         0  stubs.o ABSOLUTE
    _printf_l                                0x00000000   Number         0  stubs.o ABSOLUTE
    _printf_lc                               0x00000000   Number         0  stubs.o ABSOLUTE
    _printf_ll                               0x00000000   Number         0  stubs.o ABSOLUTE
    _printf_lld                              0x00000000   Number         0  stubs.o ABSOLUTE
    _printf_lli                              0x00000000   Number         0  stubs.o ABSOLUTE
    _printf_llo                              0x00000000   Number         0  stubs.o ABSOLUTE
    _printf_llu                              0x00000000   Number         0  stubs.o ABSOLUTE
    _printf_llx                              0x00000000   Number         0  stubs.o ABSOLUTE
    _printf_longlong_dec                     0x00000000   Number         0  stubs.o ABSOLUTE
    _printf_longlong_hex                     0x00000000   Number         0  stubs.o ABSOLUTE
    _printf_longlong_oct                     0x00000000   Number         0  stubs.o ABSOLUTE
    _printf_ls                               0x00000000   Number         0  stubs.o ABSOLUTE
    _printf_mbtowc                           0x00000000   Number         0  stubs.o ABSOLUTE
    _printf_n                                0x00000000   Number         0  stubs.o ABSOLUTE
    _printf_o                                0x00000000   Number         0  stubs.o ABSOLUTE
    _printf_p                                0x00000000   Number         0  stubs.o ABSOLUTE
    _printf_percent                          0x00000000   Number         0  stubs.o ABSOLUTE
    _printf_pre_padding                      0x00000000   Number         0  stubs.o ABSOLUTE
    _printf_return_value                     0x00000000   Number         0  stubs.o ABSOLUTE
    _printf_s                                0x00000000   Number         0  stubs.o ABSOLUTE
    _printf_sizespec                         0x00000000   Number         0  stubs.o ABSOLUTE
    _printf_str                              0x00000000   Number         0  stubs.o ABSOLUTE
    _printf_truncate_signed                  0x00000000   Number         0  stubs.o ABSOLUTE
    _printf_truncate_unsigned                0x00000000   Number         0  stubs.o ABSOLUTE
    _printf_u                                0x00000000   Number         0  stubs.o ABSOLUTE
    _printf_wc                               0x00000000   Number         0  stubs.o ABSOLUTE
    _printf_wctomb                           0x00000000   Number         0  stubs.o ABSOLUTE
    _printf_widthprec                        0x00000000   Number         0  stubs.o ABSOLUTE
    _printf_x                                0x00000000   Number         0  stubs.o ABSOLUTE
    __cpp_initialize__aeabi_                  - Undefined Weak Reference
    __cxa_finalize                            - Undefined Weak Reference
    _clock_init                               - Undefined Weak Reference
    _microlib_exit                            - Undefined Weak Reference
    __Vectors_Size                           0x00000188   Number         0  startup_stm32f407xx.o ABSOLUTE
    __Vectors                                0x08000000   Data           4  startup_stm32f407xx.o(RESET)
    __Vectors_End                            0x08000188   Data           0  startup_stm32f407xx.o(RESET)
    arm_bitreversal_32                       0x08000189   Thumb Code   106  arm_bitreversal2.o(. text)
    arm_bitreversal_16                       0x080001f3   Thumb Code    86  arm_bitreversal2.o(. text)
    __main                                   0x08000249   Thumb Code     0  entry.o(.ARM.Collect$$$$00000000)
    _main_stk                                0x08000249   Thumb Code     0  entry2.o(.ARM.Collect$$$$00000001)
    _main_scatterload                        0x0800024d   Thumb Code     0  entry5.o(.ARM.Collect$$$$00000004)
    __main_after_scatterload                 0x08000251   Thumb Code     0  entry5.o(.ARM.Collect$$$$00000004)
    _main_clock                              0x08000251   Thumb Code     0  entry7b.o(.ARM.Collect$$$$00000008)
    _main_cpp_init                           0x08000251   Thumb Code     0  entry8b.o(.ARM.Collect$$$$0000000A)
    _main_init                               0x08000251   Thumb Code     0  entry9a.o(.ARM.Collect$$$$0000000B)
    __rt_final_cpp                           0x08000259   Thumb Code     0  entry10a.o(.ARM.Collect$$$$0000000D)
    __rt_final_exit                          0x08000259   Thumb Code     0  entry11a.o(.ARM.Collect$$$$0000000F)
    Reset_Handler                            0x0800025d   Thumb Code     8  startup_stm32f407xx.o(.text)
    CAN1_RX0_IRQHandler                      0x08000277   Thumb Code     0  startup_stm32f407xx.o(.text)
    CAN1_RX1_IRQHandler                      0x08000277   Thumb Code     0  startup_stm32f407xx.o(.text)
    CAN1_SCE_IRQHandler                      0x08000277   Thumb Code     0  startup_stm32f407xx.o(.text)
    CAN1_TX_IRQHandler                       0x08000277   Thumb Code     0  startup_stm32f407xx.o(.text)
    CAN2_RX0_IRQHandler                      0x08000277   Thumb Code     0  startup_stm32f407xx.o(.text)
    CAN2_RX1_IRQHandler                      0x08000277   Thumb Code     0  startup_stm32f407xx.o(.text)
    CAN2_SCE_IRQHandler                      0x08000277   Thumb Code     0  startup_stm32f407xx.o(.text)
    CAN2_TX_IRQHandler                       0x08000277   Thumb Code     0  startup_stm32f407xx.o(.text)
    DCMI_IRQHandler                          0x08000277   Thumb Code     0  startup_stm32f407xx.o(.text)
    DMA1_Stream0_IRQHandler                  0x08000277   Thumb Code     0  startup_stm32f407xx.o(.text)
    DMA1_Stream1_IRQHandler                  0x08000277   Thumb Code     0  startup_stm32f407xx.o(.text)
    DMA1_Stream2_IRQHandler                  0x08000277   Thumb Code     0  startup_stm32f407xx.o(.text)
    DMA1_Stream3_IRQHandler                  0x08000277   Thumb Code     0  startup_stm32f407xx.o(.text)
    DMA1_Stream4_IRQHandler                  0x08000277   Thumb Code     0  startup_stm32f407xx.o(.text)
    DMA1_Stream5_IRQHandler                  0x08000277   Thumb Code     0  startup_stm32f407xx.o(.text)
    DMA1_Stream6_IRQHandler                  0x08000277   Thumb Code     0  startup_stm32f407xx.o(.text)
    DMA1_Stream7_IRQHandler                  0x08000277   Thumb Code     0  startup_stm32f407xx.o(.text)
    DMA2_Stream1_IRQHandler                  0x08000277   Thumb Code     0  startup_stm32f407xx.o(.text)
    DMA2_Stream2_IRQHandler                  0x08000277   Thumb Code     0  startup_stm32f407xx.o(.text)
    DMA2_Stream3_IRQHandler                  0x08000277   Thumb Code     0  startup_stm32f407xx.o(.text)
    DMA2_Stream4_IRQHandler                  0x08000277   Thumb Code     0  startup_stm32f407xx.o(.text)
    DMA2_Stream5_IRQHandler                  0x08000277   Thumb Code     0  startup_stm32f407xx.o(.text)
    DMA2_Stream6_IRQHandler                  0x08000277   Thumb Code     0  startup_stm32f407xx.o(.text)
    DMA2_Stream7_IRQHandler                  0x08000277   Thumb Code     0  startup_stm32f407xx.o(.text)
    ETH_IRQHandler                           0x08000277   Thumb Code     0  startup_stm32f407xx.o(.text)
    ETH_WKUP_IRQHandler                      0x08000277   Thumb Code     0  startup_stm32f407xx.o(.text)
    EXTI0_IRQHandler                         0x08000277   Thumb Code     0  startup_stm32f407xx.o(.text)
    EXTI1_IRQHandler                         0x08000277   Thumb Code     0  startup_stm32f407xx.o(.text)
    EXTI2_IRQHandler                         0x08000277   Thumb Code     0  startup_stm32f407xx.o(.text)
    EXTI3_IRQHandler                         0x08000277   Thumb Code     0  startup_stm32f407xx.o(.text)
    EXTI4_IRQHandler                         0x08000277   Thumb Code     0  startup_stm32f407xx.o(.text)
    FLASH_IRQHandler                         0x08000277   Thumb Code     0  startup_stm32f407xx.o(.text)
    FMC_IRQHandler                           0x08000277   Thumb Code     0  startup_stm32f407xx.o(.text)
    FPU_IRQHandler                           0x08000277   Thumb Code     0  startup_stm32f407xx.o(.text)
    HASH_RNG_IRQHandler                      0x08000277   Thumb Code     0  startup_stm32f407xx.o(.text)
    I2C1_ER_IRQHandler                       0x08000277   Thumb Code     0  startup_stm32f407xx.o(.text)
    I2C1_EV_IRQHandler                       0x08000277   Thumb Code     0  startup_stm32f407xx.o(.text)
    I2C2_ER_IRQHandler                       0x08000277   Thumb Code     0  startup_stm32f407xx.o(.text)
    I2C2_EV_IRQHandler                       0x08000277   Thumb Code     0  startup_stm32f407xx.o(.text)
    I2C3_ER_IRQHandler                       0x08000277   Thumb Code     0  startup_stm32f407xx.o(.text)
    I2C3_EV_IRQHandler                       0x08000277   Thumb Code     0  startup_stm32f407xx.o(.text)
    OTG_FS_IRQHandler                        0x08000277   Thumb Code     0  startup_stm32f407xx.o(.text)
    OTG_FS_WKUP_IRQHandler                   0x08000277   Thumb Code     0  startup_stm32f407xx.o(.text)
    OTG_HS_EP1_IN_IRQHandler                 0x08000277   Thumb Code     0  startup_stm32f407xx.o(.text)
    OTG_HS_EP1_OUT_IRQHandler                0x08000277   Thumb Code     0  startup_stm32f407xx.o(.text)
    OTG_HS_IRQHandler                        0x08000277   Thumb Code     0  startup_stm32f407xx.o(.text)
    OTG_HS_WKUP_IRQHandler                   0x08000277   Thumb Code     0  startup_stm32f407xx.o(.text)
    PVD_IRQHandler                           0x08000277   Thumb Code     0  startup_stm32f407xx.o(.text)
    RCC_IRQHandler                           0x08000277   Thumb Code     0  startup_stm32f407xx.o(.text)
    RTC_Alarm_IRQHandler                     0x08000277   Thumb Code     0  startup_stm32f407xx.o(.text)
    RTC_WKUP_IRQHandler                      0x08000277   Thumb Code     0  startup_stm32f407xx.o(.text)
    SDIO_IRQHandler                          0x08000277   Thumb Code     0  startup_stm32f407xx.o(.text)
    SPI1_IRQHandler                          0x08000277   Thumb Code     0  startup_stm32f407xx.o(.text)
    SPI2_IRQHandler                          0x08000277   Thumb Code     0  startup_stm32f407xx.o(.text)
    SPI3_IRQHandler                          0x08000277   Thumb Code     0  startup_stm32f407xx.o(.text)
    TAMP_STAMP_IRQHandler                    0x08000277   Thumb Code     0  startup_stm32f407xx.o(.text)
    TIM1_BRK_TIM9_IRQHandler                 0x08000277   Thumb Code     0  startup_stm32f407xx.o(.text)
    TIM1_CC_IRQHandler                       0x08000277   Thumb Code     0  startup_stm32f407xx.o(.text)
    TIM1_TRG_COM_TIM11_IRQHandler            0x08000277   Thumb Code     0  startup_stm32f407xx.o(.text)
    TIM2_IRQHandler                          0x08000277   Thumb Code     0  startup_stm32f407xx.o(.text)
    TIM3_IRQHandler                          0x08000277   Thumb Code     0  startup_stm32f407xx.o(.text)
    TIM4_IRQHandler                          0x08000277   Thumb Code     0  startup_stm32f407xx.o(.text)
    TIM5_IRQHandler                          0x08000277   Thumb Code     0  startup_stm32f407xx.o(.text)
    TIM6_DAC_IRQHandler                      0x08000277   Thumb Code     0  startup_stm32f407xx.o(.text)
    TIM7_IRQHandler                          0x08000277   Thumb Code     0  startup_stm32f407xx.o(.text)
    TIM8_BRK_TIM12_IRQHandler                0x08000277   Thumb Code     0  startup_stm32f407xx.o(.text)
    TIM8_CC_IRQHandler                       0x08000277   Thumb Code     0  startup_stm32f407xx.o(.text)
    TIM8_TRG_COM_TIM14_IRQHandler            0x08000277   Thumb Code     0  startup_stm32f407xx.o(.text)
    TIM8_UP_TIM13_IRQHandler                 0x08000277   Thumb Code     0  startup_stm32f407xx.o(.text)
    UART4_IRQHandler                         0x08000277   Thumb Code     0  startup_stm32f407xx.o(.text)
    UART5_IRQHandler                         0x08000277   Thumb Code     0  startup_stm32f407xx.o(.text)
    USART1_IRQHandler                        0x08000277   Thumb Code     0  startup_stm32f407xx.o(.text)
    USART2_IRQHandler                        0x08000277   Thumb Code     0  startup_stm32f407xx.o(.text)
    USART3_IRQHandler                        0x08000277   Thumb Code     0  startup_stm32f407xx.o(.text)
    USART6_IRQHandler                        0x08000277   Thumb Code     0  startup_stm32f407xx.o(.text)
    WWDG_IRQHandler                          0x08000277   Thumb Code     0  startup_stm32f407xx.o(.text)
    arm_cmplx_mag_f32                        0x08000281   Thumb Code   246  arm_cmplx_mag_f32.o(.text)
    stage_rfft_f32                           0x0800037d   Thumb Code   168  arm_rfft_fast_f32.o(.text)
    merge_rfft_f32                           0x08000425   Thumb Code   168  arm_rfft_fast_f32.o(.text)
    arm_rfft_fast_f32                        0x080004cd   Thumb Code    66  arm_rfft_fast_f32.o(.text)
    arm_rfft_fast_init_f32                   0x08000511   Thumb Code   198  arm_rfft_fast_init_f32.o(.text)
    arm_cfft_radix8by2_f32                   0x08000639   Thumb Code   398  arm_cfft_f32.o(.text)
    arm_cfft_radix8by4_f32                   0x080007c7   Thumb Code  1098  arm_cfft_f32.o(.text)
    arm_cfft_f32                             0x08000c11   Thumb Code   330  arm_cfft_f32.o(.text)
    arm_radix8_butterfly_f32                 0x08000d5d   Thumb Code  1244  arm_cfft_radix8_f32.o(.text)
    __aeabi_uldivmod                         0x08001239   Thumb Code    98  uldiv.o(.text)
    __aeabi_memset                           0x0800129b   Thumb Code    14  memseta.o(.text)
    __aeabi_memset4                          0x0800129b   Thumb Code     0  memseta.o(.text)
    __aeabi_memset8                          0x0800129b   Thumb Code     0  memseta.o(.text)
    __aeabi_memclr                           0x080012a9   Thumb Code     4  memseta.o(.text)
    __aeabi_memclr4                          0x080012a9   Thumb Code     0  memseta.o(.text)
    __aeabi_memclr8                          0x080012a9   Thumb Code     0  memseta.o(.text)
    _memset$wrapper                          0x080012ad   Thumb Code    18  memseta.o(.text)
    __aeabi_dmul                             0x080012bf   Thumb Code   228  dmul.o(.text)
    __aeabi_ui2d                             0x080013a3   Thumb Code    26  dfltui.o(.text)
    __aeabi_f2d                              0x080013bd   Thumb Code    38  f2d.o(.text)
    __aeabi_d2f                              0x080013e3   Thumb Code    56  d2f.o(.text)
    __aeabi_uidiv                            0x0800141b   Thumb Code     0  uidiv.o(.text)
    __aeabi_uidivmod                         0x0800141b   Thumb Code    44  uidiv.o(.text)
    __aeabi_llsl                             0x08001447   Thumb Code    30  llshl.o(.text)
    _ll_shift_l                              0x08001447   Thumb Code     0  llshl.o(.text)
    __aeabi_llsr                             0x08001465   Thumb Code    32  llushr.o(.text)
    _ll_ushift_r                             0x08001465   Thumb Code     0  llushr.o(.text)
    __I$use$fp                               0x08001485   Thumb Code     0  iusefp.o(.text)
    _float_round                             0x08001485   Thumb Code    18  fepilogue.o(.text)
    _float_epilogue                          0x08001497   Thumb Code    92  fepilogue.o(.text)
    _double_round                            0x080014f3   Thumb Code    30  depilogue.o(.text)
    _double_epilogue                         0x08001511   Thumb Code   156  depilogue.o(.text)
    __aeabi_dadd                             0x080015ad   Thumb Code   322  dadd.o(.text)
    __aeabi_dsub                             0x080016ef   Thumb Code     6  dadd.o(.text)
    __aeabi_drsub                            0x080016f5   Thumb Code     6  dadd.o(.text)
    __aeabi_ddiv                             0x080016fb   Thumb Code   222  ddiv.o(.text)
    __aeabi_d2ulz                            0x080017d9   Thumb Code    48  dfixul.o(.text)
    __aeabi_cdrcmple                         0x08001809   Thumb Code    48  cdrcmple.o(.text)
    __scatterload                            0x08001839   Thumb Code    28  init.o(.text)
    __scatterload_rt2                        0x08001839   Thumb Code     0  init.o(.text)
    __aeabi_lasr                             0x0800185d   Thumb Code    36  llsshr.o(.text)
    _ll_sshift_r                             0x0800185d   Thumb Code     0  llsshr.o(.text)
    __decompress                             0x08001881   Thumb Code     0  __dczerorl2.o(.text)
    __decompress1                            0x08001881   Thumb Code    86  __dczerorl2.o(.text)
    ADC_IRQHandler                           0x08001965   Thumb Code     6  stm32f4xx_it.o(i.ADC_IRQHandler)
    BusFault_Handler                         0x08001a99   Thumb Code     2  stm32f4xx_it.o(i.BusFault_Handler)
    DMA2_Stream0_IRQHandler                  0x08001a9d   Thumb Code     6  stm32f4xx_it.o(i.DMA2_Stream0_IRQHandler)
    DebugMon_Handler                         0x08001b4d   Thumb Code     2  stm32f4xx_it.o(i.DebugMon_Handler)
    EXTI15_10_IRQHandler                     0x08001b4f   Thumb Code    22  stm32f4xx_it.o(i.EXTI15_10_IRQHandler)
    EXTI9_5_IRQHandler                       0x08001b65   Thumb Code     8  stm32f4xx_it.o(i.EXTI9_5_IRQHandler)
    Error_Handler                            0x08001b6d   Thumb Code     2  main.o(i.Error_Handler)
    HAL_ADCEx_InjectedConvCpltCallback       0x08001b6f   Thumb Code     2  stm32f4xx_hal_adc_ex.o(i.HAL_ADCEx_InjectedConvCpltCallback)
    HAL_ADC_ConfigChannel                    0x08001b71   Thumb Code   316  stm32f4xx_hal_adc.o(i.HAL_ADC_ConfigChannel)
    HAL_ADC_ConvCpltCallback                 0x08001cbd   Thumb Code    28  main.o(i.HAL_ADC_ConvCpltCallback)
    HAL_ADC_ConvHalfCpltCallback             0x08001ce5   Thumb Code     2  stm32f4xx_hal_adc.o(i.HAL_ADC_ConvHalfCpltCallback)
    HAL_ADC_ErrorCallback                    0x08001ce7   Thumb Code     2  stm32f4xx_hal_adc.o(i.HAL_ADC_ErrorCallback)
    HAL_ADC_IRQHandler                       0x08001ce9   Thumb Code   316  stm32f4xx_hal_adc.o(i.HAL_ADC_IRQHandler)
    HAL_ADC_Init                             0x08001e25   Thumb Code    84  stm32f4xx_hal_adc.o(i.HAL_ADC_Init)
    HAL_ADC_LevelOutOfWindowCallback         0x08001e79   Thumb Code     2  stm32f4xx_hal_adc.o(i.HAL_ADC_LevelOutOfWindowCallback)
    HAL_ADC_MspInit                          0x08001e7d   Thumb Code   148  adc.o(i.HAL_ADC_MspInit)
    HAL_ADC_Start_DMA                        0x08001f25   Thumb Code   268  stm32f4xx_hal_adc.o(i.HAL_ADC_Start_DMA)
    HAL_ADC_Stop_DMA                         0x08002055   Thumb Code    88  stm32f4xx_hal_adc.o(i.HAL_ADC_Stop_DMA)
    HAL_DMA_Abort                            0x080020ad   Thumb Code   142  stm32f4xx_hal_dma.o(i.HAL_DMA_Abort)
    HAL_DMA_IRQHandler                       0x0800213d   Thumb Code   412  stm32f4xx_hal_dma.o(i.HAL_DMA_IRQHandler)
    HAL_DMA_Init                             0x080022dd   Thumb Code   206  stm32f4xx_hal_dma.o(i.HAL_DMA_Init)
    HAL_DMA_Start_IT                         0x080023b1   Thumb Code   110  stm32f4xx_hal_dma.o(i.HAL_DMA_Start_IT)
    HAL_Delay                                0x08002421   Thumb Code    32  stm32f4xx_hal.o(i.HAL_Delay)
    HAL_GPIO_EXTI_Callback                   0x08002445   Thumb Code   134  gpio.o(i.HAL_GPIO_EXTI_Callback)
    HAL_GPIO_EXTI_IRQHandler                 0x080024dd   Thumb Code    18  stm32f4xx_hal_gpio.o(i.HAL_GPIO_EXTI_IRQHandler)
    HAL_GPIO_Init                            0x080024f5   Thumb Code   394  stm32f4xx_hal_gpio.o(i.HAL_GPIO_Init)
    HAL_GPIO_ReadPin                         0x080026ad   Thumb Code    10  stm32f4xx_hal_gpio.o(i.HAL_GPIO_ReadPin)
    HAL_GPIO_TogglePin                       0x080026b7   Thumb Code    14  stm32f4xx_hal_gpio.o(i.HAL_GPIO_TogglePin)
    HAL_GPIO_WritePin                        0x080026c5   Thumb Code    10  stm32f4xx_hal_gpio.o(i.HAL_GPIO_WritePin)
    HAL_GetTick                              0x080026d1   Thumb Code     6  stm32f4xx_hal.o(i.HAL_GetTick)
    HAL_IncTick                              0x080026dd   Thumb Code    12  stm32f4xx_hal.o(i.HAL_IncTick)
    HAL_Init                                 0x080026ed   Thumb Code    48  stm32f4xx_hal.o(i.HAL_Init)
    HAL_InitTick                             0x08002721   Thumb Code    54  stm32f4xx_hal.o(i.HAL_InitTick)
    HAL_MspInit                              0x08002761   Thumb Code    42  stm32f4xx_hal_msp.o(i.HAL_MspInit)
    HAL_NVIC_EnableIRQ                       0x08002791   Thumb Code    26  stm32f4xx_hal_cortex.o(i.HAL_NVIC_EnableIRQ)
    HAL_NVIC_SetPriority                     0x080027ad   Thumb Code    60  stm32f4xx_hal_cortex.o(i.HAL_NVIC_SetPriority)
    HAL_NVIC_SetPriorityGrouping             0x080027ed   Thumb Code    26  stm32f4xx_hal_cortex.o(i.HAL_NVIC_SetPriorityGrouping)
    HAL_RCC_ClockConfig                      0x08002811   Thumb Code   288  stm32f4xx_hal_rcc.o(i.HAL_RCC_ClockConfig)
    HAL_RCC_GetPCLK1Freq                     0x08002945   Thumb Code    20  stm32f4xx_hal_rcc.o(i.HAL_RCC_GetPCLK1Freq)
    HAL_RCC_GetPCLK2Freq                     0x08002965   Thumb Code    20  stm32f4xx_hal_rcc.o(i.HAL_RCC_GetPCLK2Freq)
    HAL_RCC_GetSysClockFreq                  0x08002985   Thumb Code    88  stm32f4xx_hal_rcc.o(i.HAL_RCC_GetSysClockFreq)
    HAL_RCC_OscConfig                        0x080029e5   Thumb Code   840  stm32f4xx_hal_rcc.o(i.HAL_RCC_OscConfig)
    HAL_SYSTICK_Config                       0x08002d41   Thumb Code    40  stm32f4xx_hal_cortex.o(i.HAL_SYSTICK_Config)
    HAL_TIMEx_BreakCallback                  0x08002d69   Thumb Code     2  stm32f4xx_hal_tim_ex.o(i.HAL_TIMEx_BreakCallback)
    HAL_TIMEx_CommutCallback                 0x08002d6b   Thumb Code     2  stm32f4xx_hal_tim_ex.o(i.HAL_TIMEx_CommutCallback)
    HAL_TIMEx_MasterConfigSynchronization    0x08002d6d   Thumb Code   116  stm32f4xx_hal_tim_ex.o(i.HAL_TIMEx_MasterConfigSynchronization)
    HAL_TIM_Base_Init                        0x08002dfd   Thumb Code    54  stm32f4xx_hal_tim.o(i.HAL_TIM_Base_Init)
    HAL_TIM_Base_MspInit                     0x08002e35   Thumb Code    76  tim.o(i.HAL_TIM_Base_MspInit)
    HAL_TIM_Base_Start                       0x08002e89   Thumb Code    36  stm32f4xx_hal_tim.o(i.HAL_TIM_Base_Start)
    HAL_TIM_Base_Start_IT                    0x08002ead   Thumb Code    34  stm32f4xx_hal_tim.o(i.HAL_TIM_Base_Start_IT)
    HAL_TIM_Base_Stop                        0x08002ecf   Thumb Code    44  stm32f4xx_hal_tim.o(i.HAL_TIM_Base_Stop)
    HAL_TIM_ConfigClockSource                0x08002efb   Thumb Code   214  stm32f4xx_hal_tim.o(i.HAL_TIM_ConfigClockSource)
    HAL_TIM_IC_CaptureCallback               0x08002fd1   Thumb Code     2  stm32f4xx_hal_tim.o(i.HAL_TIM_IC_CaptureCallback)
    HAL_TIM_IRQHandler                       0x08002fd3   Thumb Code   358  stm32f4xx_hal_tim.o(i.HAL_TIM_IRQHandler)
    HAL_TIM_OC_DelayElapsedCallback          0x08003139   Thumb Code     2  stm32f4xx_hal_tim.o(i.HAL_TIM_OC_DelayElapsedCallback)
    HAL_TIM_PWM_PulseFinishedCallback        0x0800313b   Thumb Code     2  stm32f4xx_hal_tim.o(i.HAL_TIM_PWM_PulseFinishedCallback)
    HAL_TIM_PeriodElapsedCallback            0x0800313d   Thumb Code    44  main.o(i.HAL_TIM_PeriodElapsedCallback)
    HAL_TIM_TriggerCallback                  0x08003175   Thumb Code     2  stm32f4xx_hal_tim.o(i.HAL_TIM_TriggerCallback)
    HAL_UART_Init                            0x08003177   Thumb Code    98  stm32f4xx_hal_uart.o(i.HAL_UART_Init)
    HAL_UART_MspInit                         0x080031d9   Thumb Code    94  usart.o(i.HAL_UART_MspInit)
    HAL_UART_Transmit                        0x08003245   Thumb Code   186  stm32f4xx_hal_uart.o(i.HAL_UART_Transmit)
    HardFault_Handler                        0x080032ff   Thumb Code     2  stm32f4xx_it.o(i.HardFault_Handler)
    IIC_Init                                 0x08003301   Thumb Code    74  myiic.o(i.IIC_Init)
    IIC_Send_Byte                            0x08003359   Thumb Code    80  myiic.o(i.IIC_Send_Byte)
    IIC_Start                                0x080033ad   Thumb Code    42  myiic.o(i.IIC_Start)
    IIC_Stop                                 0x080033dd   Thumb Code    44  myiic.o(i.IIC_Stop)
    IIC_Wait_Ack                             0x0800340d   Thumb Code    64  myiic.o(i.IIC_Wait_Ack)
    IN_CHG                                   0x08003451   Thumb Code    26  myiic.o(i.IN_CHG)
    MX_ADC1_Init                             0x08003471   Thumb Code    90  adc.o(i.MX_ADC1_Init)
    MX_DMA_Init                              0x080034d5   Thumb Code    40  dma.o(i.MX_DMA_Init)
    MX_GPIO_Init                             0x08003501   Thumb Code   280  gpio.o(i.MX_GPIO_Init)
    MX_TIM1_Init                             0x08003631   Thumb Code    96  tim.o(i.MX_TIM1_Init)
    MX_TIM2_Init                             0x08003699   Thumb Code    96  tim.o(i.MX_TIM2_Init)
    MX_USART1_UART_Init                      0x080036fd   Thumb Code    48  usart.o(i.MX_USART1_UART_Init)
    MemManage_Handler                        0x08003735   Thumb Code     2  stm32f4xx_it.o(i.MemManage_Handler)
    NMI_Handler                              0x08003737   Thumb Code     2  stm32f4xx_it.o(i.NMI_Handler)
    OLED_Clear                               0x08003739   Thumb Code    40  oled.o(i.OLED_Clear)
    OLED_ClearPoint                          0x08003765   Thumb Code    28  oled.o(i.OLED_ClearPoint)
    OLED_DrawPoint                           0x08003785   Thumb Code    24  oled.o(i.OLED_DrawPoint)
    OLED_Init                                0x080037a1   Thumb Code   242  oled.o(i.OLED_Init)
    OLED_Refresh                             0x08003895   Thumb Code    70  oled.o(i.OLED_Refresh)
    OLED_ShowChar                            0x080038e1   Thumb Code   160  oled.o(i.OLED_ShowChar)
    OLED_ShowChinese                         0x0800398d   Thumb Code   194  oled.o(i.OLED_ShowChinese)
    OLED_ShowString                          0x08003a5d   Thumb Code    64  oled.o(i.OLED_ShowString)
    OLED_WR_Byte                             0x08003a9d   Thumb Code    54  oled.o(i.OLED_WR_Byte)
    OUT_CHG                                  0x08003ad5   Thumb Code    26  myiic.o(i.OUT_CHG)
    PendSV_Handler                           0x08003af5   Thumb Code     2  stm32f4xx_it.o(i.PendSV_Handler)
    SVC_Handler                              0x08003af7   Thumb Code     2  stm32f4xx_it.o(i.SVC_Handler)
    SW_Control                               0x08003af9   Thumb Code    98  gpio.o(i.SW_Control)
    SysTick_Handler                          0x08003b69   Thumb Code     4  stm32f4xx_it.o(i.SysTick_Handler)
    SystemClock_Config                       0x08003b6d   Thumb Code   122  main.o(i.SystemClock_Config)
    SystemInit                               0x08003bf1   Thumb Code    22  system_stm32f4xx.o(i.SystemInit)
    TIM1_UP_TIM10_IRQHandler                 0x08003c0d   Thumb Code     6  stm32f4xx_it.o(i.TIM1_UP_TIM10_IRQHandler)
    TIM_Base_SetConfig                       0x08003c19   Thumb Code   156  stm32f4xx_hal_tim.o(i.TIM_Base_SetConfig)
    TIM_ETR_SetConfig                        0x08003ce1   Thumb Code    20  stm32f4xx_hal_tim.o(i.TIM_ETR_SetConfig)
    UsageFault_Handler                       0x08003ed9   Thumb Code     2  stm32f4xx_it.o(i.UsageFault_Handler)
    __0printf                                0x08003edd   Thumb Code    22  printfa.o(i.__0printf)
    __1printf                                0x08003edd   Thumb Code     0  printfa.o(i.__0printf)
    __2printf                                0x08003edd   Thumb Code     0  printfa.o(i.__0printf)
    __c89printf                              0x08003edd   Thumb Code     0  printfa.o(i.__0printf)
    printf                                   0x08003edd   Thumb Code     0  printfa.o(i.__0printf)
    __0snprintf                              0x08003efd   Thumb Code    44  printfa.o(i.__0snprintf)
    __1snprintf                              0x08003efd   Thumb Code     0  printfa.o(i.__0snprintf)
    __2snprintf                              0x08003efd   Thumb Code     0  printfa.o(i.__0snprintf)
    __c89snprintf                            0x08003efd   Thumb Code     0  printfa.o(i.__0snprintf)
    snprintf                                 0x08003efd   Thumb Code     0  printfa.o(i.__0snprintf)
    __hardfp_sqrtf                           0x08003f4d   Thumb Code    58  sqrtf_full.o(i.__hardfp_sqrtf)
    __scatterload_copy                       0x08003f87   Thumb Code    14  handlers.o(i.__scatterload_copy)
    __scatterload_null                       0x08003f95   Thumb Code     2  handlers.o(i.__scatterload_null)
    __scatterload_zeroinit                   0x08003f97   Thumb Code    14  handlers.o(i.__scatterload_zeroinit)
    __set_errno                              0x08003fa5   Thumb Code     6  errno.o(i.__set_errno)
    arm_rfft_fast_f32_app                    0x08004879   Thumb Code   198  main.o(i.arm_rfft_fast_f32_app)
    delay_ms                                 0x0800496d   Thumb Code    26  delay.o(i.delay_ms)
    delay_us                                 0x08004989   Thumb Code    48  delay.o(i.delay_us)
    display_distort                          0x080049bd   Thumb Code   164  main.o(i.display_distort)
    fputc                                    0x08004a65   Thumb Code    20  usart.o(i.fputc)
    main                                     0x08004a7d   Thumb Code   242  main.o(i.main)
    AHBPrescTable                            0x08004bbc   Data          16  system_stm32f4xx.o(.constdata)
    APBPrescTable                            0x08004bcc   Data           8  system_stm32f4xx.o(.constdata)
    asc2_1206                                0x08004bd4   Data        1140  oled.o(.constdata)
    asc2_1608                                0x08005048   Data        1520  oled.o(.constdata)
    asc2_2412                                0x08005638   Data        3420  oled.o(.constdata)
    Chinese_1212                             0x08006394   Data         168  oled.o(.constdata)
    twiddleCoef_16                           0x0800643c   Data         128  arm_common_tables.o(.constdata)
    twiddleCoef_32                           0x080064bc   Data         256  arm_common_tables.o(.constdata)
    twiddleCoef_64                           0x080065bc   Data         512  arm_common_tables.o(.constdata)
    twiddleCoef_128                          0x080067bc   Data        1024  arm_common_tables.o(.constdata)
    twiddleCoef_256                          0x08006bbc   Data        2048  arm_common_tables.o(.constdata)
    twiddleCoef_512                          0x080073bc   Data        4096  arm_common_tables.o(.constdata)
    twiddleCoef_1024                         0x080083bc   Data        8192  arm_common_tables.o(.constdata)
    twiddleCoef_2048                         0x0800a3bc   Data       16384  arm_common_tables.o(.constdata)
    armBitRevIndexTable16                    0x0800e3bc   Data          40  arm_common_tables.o(.constdata)
    armBitRevIndexTable32                    0x0800e3e4   Data          96  arm_common_tables.o(.constdata)
    armBitRevIndexTable64                    0x0800e444   Data         112  arm_common_tables.o(.constdata)
    armBitRevIndexTable128                   0x0800e4b4   Data         416  arm_common_tables.o(.constdata)
    armBitRevIndexTable256                   0x0800e654   Data         880  arm_common_tables.o(.constdata)
    armBitRevIndexTable512                   0x0800e9c4   Data         896  arm_common_tables.o(.constdata)
    armBitRevIndexTable1024                  0x0800ed44   Data        3600  arm_common_tables.o(.constdata)
    armBitRevIndexTable2048                  0x0800fb54   Data        7616  arm_common_tables.o(.constdata)
    twiddleCoef_rfft_32                      0x08011914   Data         128  arm_common_tables.o(.constdata)
    twiddleCoef_rfft_64                      0x08011994   Data         256  arm_common_tables.o(.constdata)
    twiddleCoef_rfft_128                     0x08011a94   Data         512  arm_common_tables.o(.constdata)
    twiddleCoef_rfft_256                     0x08011c94   Data        1024  arm_common_tables.o(.constdata)
    twiddleCoef_rfft_512                     0x08012094   Data        2048  arm_common_tables.o(.constdata)
    twiddleCoef_rfft_1024                    0x08012894   Data        4096  arm_common_tables.o(.constdata)
    twiddleCoef_rfft_2048                    0x08013894   Data        8192  arm_common_tables.o(.constdata)
    twiddleCoef_rfft_4096                    0x08015894   Data       16384  arm_common_tables.o(.constdata)
    Region$$Table$$Base                      0x08019894   Number         0  anon$$obj.o(Region$$Table)
    Region$$Table$$Limit                     0x080198b4   Number         0  anon$$obj.o(Region$$Table)
    ADC_flag                                 0x20000000   Data           1  main.o(.data)
    THD                                      0x20000004   Data           4  main.o(.data)
    n                                        0x20000008   Data           4  main.o(.data)
    state                                    0x2000000c   Data           1  gpio.o(.data)
    state_Array                              0x2000000d   Data           5  gpio.o(.data)
    uwTickFreq                               0x20000014   Data           1  stm32f4xx_hal.o(.data)
    uwTickPrio                               0x20000018   Data           4  stm32f4xx_hal.o(.data)
    uwTick                                   0x2000001c   Data           4  stm32f4xx_hal.o(.data)
    SystemCoreClock                          0x20000020   Data           4  system_stm32f4xx.o(.data)
    Chinese_1616                             0x20000024   Data         832  oled.o(.data)
    Chinese_2424                             0x20000364   Data         216  oled.o(.data)
    __stdout                                 0x20000440   Data           4  stdout.o(.data)
    testInput_f32                            0x20000448   Data        4096  main.o(.bss)
    testOutput_f32                           0x20001448   Data        4096  main.o(.bss)
    testOutput                               0x20002448   Data        4096  main.o(.bss)
    ADC_data                                 0x20003448   Data        2048  main.o(.bss)
    Uo                                       0x20003c48   Data          24  main.o(.bss)
    dis_buff                                 0x20003c60   Data          20  main.o(.bss)
    hadc1                                    0x20003c74   Data          72  adc.o(.bss)
    hdma_adc1                                0x20003cbc   Data          96  adc.o(.bss)
    htim1                                    0x20003d1c   Data          64  tim.o(.bss)
    htim2                                    0x20003d5c   Data          64  tim.o(.bss)
    huart1                                   0x20003d9c   Data          64  usart.o(.bss)
    OLED_GRAM                                0x20003ddc   Data        1024  oled.o(.bss)
    __initial_sp                             0x200045e0   Data           0  startup_stm32f407xx.o(STACK)



==============================================================================

Memory Map of the image

  Image Entry point : 0x08000249

  Load Region LR_IROM1 (Base: 0x08000000, Size: 0x00019cfc, Max: 0x00080000, ABSOLUTE, COMPRESSED[0x00019a60])

    Execution Region ER_IROM1 (Exec base: 0x08000000, Load base: 0x08000000, Size: 0x000198b4, Max: 0x00080000, ABSOLUTE)

    Exec Addr    Load Addr    Size         Type   Attr      Idx    E Section Name        Object

    0x08000000   0x08000000   0x00000188   Data   RO            3    RESET               startup_stm32f407xx.o
    0x08000188   0x08000188   0x000000c0   Code   RO         3754    . text              arm_cortexM4lf_math.lib(arm_bitreversal2.o)
    0x08000248   0x08000248   0x00000000   Code   RO         3770  * .ARM.Collect$$$$00000000  mc_w.l(entry.o)
    0x08000248   0x08000248   0x00000004   Code   RO         4046    .ARM.Collect$$$$00000001  mc_w.l(entry2.o)
    0x0800024c   0x0800024c   0x00000004   Code   RO         4049    .ARM.Collect$$$$00000004  mc_w.l(entry5.o)
    0x08000250   0x08000250   0x00000000   Code   RO         4051    .ARM.Collect$$$$00000008  mc_w.l(entry7b.o)
    0x08000250   0x08000250   0x00000000   Code   RO         4053    .ARM.Collect$$$$0000000A  mc_w.l(entry8b.o)
    0x08000250   0x08000250   0x00000008   Code   RO         4054    .ARM.Collect$$$$0000000B  mc_w.l(entry9a.o)
    0x08000258   0x08000258   0x00000000   Code   RO         4056    .ARM.Collect$$$$0000000D  mc_w.l(entry10a.o)
    0x08000258   0x08000258   0x00000000   Code   RO         4058    .ARM.Collect$$$$0000000F  mc_w.l(entry11a.o)
    0x08000258   0x08000258   0x00000004   Code   RO         4047    .ARM.Collect$$$$00002712  mc_w.l(entry2.o)
    0x0800025c   0x0800025c   0x00000024   Code   RO            4    .text               startup_stm32f407xx.o
    0x08000280   0x08000280   0x000000fc   Code   RO         3522    .text               arm_cortexM4lf_math.lib(arm_cmplx_mag_f32.o)
    0x0800037c   0x0800037c   0x00000192   Code   RO         3571    .text               arm_cortexM4lf_math.lib(arm_rfft_fast_f32.o)
    0x0800050e   0x0800050e   0x00000002   PAD
    0x08000510   0x08000510   0x00000128   Code   RO         3599    .text               arm_cortexM4lf_math.lib(arm_rfft_fast_init_f32.o)
    0x08000638   0x08000638   0x00000722   Code   RO         3627    .text               arm_cortexM4lf_math.lib(arm_cfft_f32.o)
    0x08000d5a   0x08000d5a   0x00000002   PAD
    0x08000d5c   0x08000d5c   0x000004dc   Code   RO         3733    .text               arm_cortexM4lf_math.lib(arm_cfft_radix8_f32.o)
    0x08001238   0x08001238   0x00000062   Code   RO         3773    .text               mc_w.l(uldiv.o)
    0x0800129a   0x0800129a   0x00000024   Code   RO         3775    .text               mc_w.l(memseta.o)
    0x080012be   0x080012be   0x000000e4   Code   RO         4038    .text               mf_w.l(dmul.o)
    0x080013a2   0x080013a2   0x0000001a   Code   RO         4040    .text               mf_w.l(dfltui.o)
    0x080013bc   0x080013bc   0x00000026   Code   RO         4042    .text               mf_w.l(f2d.o)
    0x080013e2   0x080013e2   0x00000038   Code   RO         4044    .text               mf_w.l(d2f.o)
    0x0800141a   0x0800141a   0x0000002c   Code   RO         4061    .text               mc_w.l(uidiv.o)
    0x08001446   0x08001446   0x0000001e   Code   RO         4063    .text               mc_w.l(llshl.o)
    0x08001464   0x08001464   0x00000020   Code   RO         4065    .text               mc_w.l(llushr.o)
    0x08001484   0x08001484   0x00000000   Code   RO         4074    .text               mc_w.l(iusefp.o)
    0x08001484   0x08001484   0x0000006e   Code   RO         4075    .text               mf_w.l(fepilogue.o)
    0x080014f2   0x080014f2   0x000000ba   Code   RO         4077    .text               mf_w.l(depilogue.o)
    0x080015ac   0x080015ac   0x0000014e   Code   RO         4079    .text               mf_w.l(dadd.o)
    0x080016fa   0x080016fa   0x000000de   Code   RO         4081    .text               mf_w.l(ddiv.o)
    0x080017d8   0x080017d8   0x00000030   Code   RO         4083    .text               mf_w.l(dfixul.o)
    0x08001808   0x08001808   0x00000030   Code   RO         4085    .text               mf_w.l(cdrcmple.o)
    0x08001838   0x08001838   0x00000024   Code   RO         4087    .text               mc_w.l(init.o)
    0x0800185c   0x0800185c   0x00000024   Code   RO         4089    .text               mc_w.l(llsshr.o)
    0x08001880   0x08001880   0x00000056   Code   RO         4099    .text               mc_w.l(__dczerorl2.o)
    0x080018d6   0x080018d6   0x0000006e   Code   RO          565    i.ADC_DMAConvCplt   stm32f4xx_hal_adc.o
    0x08001944   0x08001944   0x00000016   Code   RO          566    i.ADC_DMAError      stm32f4xx_hal_adc.o
    0x0800195a   0x0800195a   0x0000000a   Code   RO          567    i.ADC_DMAHalfConvCplt  stm32f4xx_hal_adc.o
    0x08001964   0x08001964   0x0000000c   Code   RO          435    i.ADC_IRQHandler    stm32f4xx_it.o
    0x08001970   0x08001970   0x00000128   Code   RO          568    i.ADC_Init          stm32f4xx_hal_adc.o
    0x08001a98   0x08001a98   0x00000002   Code   RO          436    i.BusFault_Handler  stm32f4xx_it.o
    0x08001a9a   0x08001a9a   0x00000002   PAD
    0x08001a9c   0x08001a9c   0x0000000c   Code   RO          437    i.DMA2_Stream0_IRQHandler  stm32f4xx_it.o
    0x08001aa8   0x08001aa8   0x00000028   Code   RO         1299    i.DMA_CalcBaseAndBitshift  stm32f4xx_hal_dma.o
    0x08001ad0   0x08001ad0   0x00000054   Code   RO         1300    i.DMA_CheckFifoParam  stm32f4xx_hal_dma.o
    0x08001b24   0x08001b24   0x00000028   Code   RO         1301    i.DMA_SetConfig     stm32f4xx_hal_dma.o
    0x08001b4c   0x08001b4c   0x00000002   Code   RO          438    i.DebugMon_Handler  stm32f4xx_it.o
    0x08001b4e   0x08001b4e   0x00000016   Code   RO          439    i.EXTI15_10_IRQHandler  stm32f4xx_it.o
    0x08001b64   0x08001b64   0x00000008   Code   RO          440    i.EXTI9_5_IRQHandler  stm32f4xx_it.o
    0x08001b6c   0x08001b6c   0x00000002   Code   RO           13    i.Error_Handler     main.o
    0x08001b6e   0x08001b6e   0x00000002   Code   RO          739    i.HAL_ADCEx_InjectedConvCpltCallback  stm32f4xx_hal_adc_ex.o
    0x08001b70   0x08001b70   0x0000014c   Code   RO          570    i.HAL_ADC_ConfigChannel  stm32f4xx_hal_adc.o
    0x08001cbc   0x08001cbc   0x00000028   Code   RO           14    i.HAL_ADC_ConvCpltCallback  main.o
    0x08001ce4   0x08001ce4   0x00000002   Code   RO          572    i.HAL_ADC_ConvHalfCpltCallback  stm32f4xx_hal_adc.o
    0x08001ce6   0x08001ce6   0x00000002   Code   RO          574    i.HAL_ADC_ErrorCallback  stm32f4xx_hal_adc.o
    0x08001ce8   0x08001ce8   0x0000013c   Code   RO          578    i.HAL_ADC_IRQHandler  stm32f4xx_hal_adc.o
    0x08001e24   0x08001e24   0x00000054   Code   RO          579    i.HAL_ADC_Init      stm32f4xx_hal_adc.o
    0x08001e78   0x08001e78   0x00000002   Code   RO          580    i.HAL_ADC_LevelOutOfWindowCallback  stm32f4xx_hal_adc.o
    0x08001e7a   0x08001e7a   0x00000002   PAD
    0x08001e7c   0x08001e7c   0x000000a8   Code   RO          274    i.HAL_ADC_MspInit   adc.o
    0x08001f24   0x08001f24   0x00000130   Code   RO          586    i.HAL_ADC_Start_DMA  stm32f4xx_hal_adc.o
    0x08002054   0x08002054   0x00000058   Code   RO          589    i.HAL_ADC_Stop_DMA  stm32f4xx_hal_adc.o
    0x080020ac   0x080020ac   0x0000008e   Code   RO         1302    i.HAL_DMA_Abort     stm32f4xx_hal_dma.o
    0x0800213a   0x0800213a   0x00000002   PAD
    0x0800213c   0x0800213c   0x000001a0   Code   RO         1307    i.HAL_DMA_IRQHandler  stm32f4xx_hal_dma.o
    0x080022dc   0x080022dc   0x000000d4   Code   RO         1308    i.HAL_DMA_Init      stm32f4xx_hal_dma.o
    0x080023b0   0x080023b0   0x0000006e   Code   RO         1312    i.HAL_DMA_Start_IT  stm32f4xx_hal_dma.o
    0x0800241e   0x0800241e   0x00000002   PAD
    0x08002420   0x08002420   0x00000024   Code   RO         1721    i.HAL_Delay         stm32f4xx_hal.o
    0x08002444   0x08002444   0x00000098   Code   RO          227    i.HAL_GPIO_EXTI_Callback  gpio.o
    0x080024dc   0x080024dc   0x00000018   Code   RO         1194    i.HAL_GPIO_EXTI_IRQHandler  stm32f4xx_hal_gpio.o
    0x080024f4   0x080024f4   0x000001b8   Code   RO         1195    i.HAL_GPIO_Init     stm32f4xx_hal_gpio.o
    0x080026ac   0x080026ac   0x0000000a   Code   RO         1197    i.HAL_GPIO_ReadPin  stm32f4xx_hal_gpio.o
    0x080026b6   0x080026b6   0x0000000e   Code   RO         1198    i.HAL_GPIO_TogglePin  stm32f4xx_hal_gpio.o
    0x080026c4   0x080026c4   0x0000000a   Code   RO         1199    i.HAL_GPIO_WritePin  stm32f4xx_hal_gpio.o
    0x080026ce   0x080026ce   0x00000002   PAD
    0x080026d0   0x080026d0   0x0000000c   Code   RO         1727    i.HAL_GetTick       stm32f4xx_hal.o
    0x080026dc   0x080026dc   0x00000010   Code   RO         1733    i.HAL_IncTick       stm32f4xx_hal.o
    0x080026ec   0x080026ec   0x00000034   Code   RO         1734    i.HAL_Init          stm32f4xx_hal.o
    0x08002720   0x08002720   0x00000040   Code   RO         1735    i.HAL_InitTick      stm32f4xx_hal.o
    0x08002760   0x08002760   0x00000030   Code   RO          541    i.HAL_MspInit       stm32f4xx_hal_msp.o
    0x08002790   0x08002790   0x0000001a   Code   RO         1584    i.HAL_NVIC_EnableIRQ  stm32f4xx_hal_cortex.o
    0x080027aa   0x080027aa   0x00000002   PAD
    0x080027ac   0x080027ac   0x00000040   Code   RO         1590    i.HAL_NVIC_SetPriority  stm32f4xx_hal_cortex.o
    0x080027ec   0x080027ec   0x00000024   Code   RO         1591    i.HAL_NVIC_SetPriorityGrouping  stm32f4xx_hal_cortex.o
    0x08002810   0x08002810   0x00000134   Code   RO          841    i.HAL_RCC_ClockConfig  stm32f4xx_hal_rcc.o
    0x08002944   0x08002944   0x00000020   Code   RO          848    i.HAL_RCC_GetPCLK1Freq  stm32f4xx_hal_rcc.o
    0x08002964   0x08002964   0x00000020   Code   RO          849    i.HAL_RCC_GetPCLK2Freq  stm32f4xx_hal_rcc.o
    0x08002984   0x08002984   0x00000060   Code   RO          850    i.HAL_RCC_GetSysClockFreq  stm32f4xx_hal_rcc.o
    0x080029e4   0x080029e4   0x0000035c   Code   RO          853    i.HAL_RCC_OscConfig  stm32f4xx_hal_rcc.o
    0x08002d40   0x08002d40   0x00000028   Code   RO         1595    i.HAL_SYSTICK_Config  stm32f4xx_hal_cortex.o
    0x08002d68   0x08002d68   0x00000002   Code   RO         2649    i.HAL_TIMEx_BreakCallback  stm32f4xx_hal_tim_ex.o
    0x08002d6a   0x08002d6a   0x00000002   Code   RO         2650    i.HAL_TIMEx_CommutCallback  stm32f4xx_hal_tim_ex.o
    0x08002d6c   0x08002d6c   0x00000090   Code   RO         2667    i.HAL_TIMEx_MasterConfigSynchronization  stm32f4xx_hal_tim_ex.o
    0x08002dfc   0x08002dfc   0x00000036   Code   RO         1974    i.HAL_TIM_Base_Init  stm32f4xx_hal_tim.o
    0x08002e32   0x08002e32   0x00000002   PAD
    0x08002e34   0x08002e34   0x00000054   Code   RO          340    i.HAL_TIM_Base_MspInit  tim.o
    0x08002e88   0x08002e88   0x00000024   Code   RO         1977    i.HAL_TIM_Base_Start  stm32f4xx_hal_tim.o
    0x08002eac   0x08002eac   0x00000022   Code   RO         1979    i.HAL_TIM_Base_Start_IT  stm32f4xx_hal_tim.o
    0x08002ece   0x08002ece   0x0000002c   Code   RO         1980    i.HAL_TIM_Base_Stop  stm32f4xx_hal_tim.o
    0x08002efa   0x08002efa   0x000000d6   Code   RO         1983    i.HAL_TIM_ConfigClockSource  stm32f4xx_hal_tim.o
    0x08002fd0   0x08002fd0   0x00000002   Code   RO         2003    i.HAL_TIM_IC_CaptureCallback  stm32f4xx_hal_tim.o
    0x08002fd2   0x08002fd2   0x00000166   Code   RO         2017    i.HAL_TIM_IRQHandler  stm32f4xx_hal_tim.o
    0x08003138   0x08003138   0x00000002   Code   RO         2020    i.HAL_TIM_OC_DelayElapsedCallback  stm32f4xx_hal_tim.o
    0x0800313a   0x0800313a   0x00000002   Code   RO         2047    i.HAL_TIM_PWM_PulseFinishedCallback  stm32f4xx_hal_tim.o
    0x0800313c   0x0800313c   0x00000038   Code   RO           15    i.HAL_TIM_PeriodElapsedCallback  main.o
    0x08003174   0x08003174   0x00000002   Code   RO         2060    i.HAL_TIM_TriggerCallback  stm32f4xx_hal_tim.o
    0x08003176   0x08003176   0x00000062   Code   RO         2925    i.HAL_UART_Init     stm32f4xx_hal_uart.o
    0x080031d8   0x080031d8   0x0000006c   Code   RO          388    i.HAL_UART_MspInit  usart.o
    0x08003244   0x08003244   0x000000ba   Code   RO         2933    i.HAL_UART_Transmit  stm32f4xx_hal_uart.o
    0x080032fe   0x080032fe   0x00000002   Code   RO          441    i.HardFault_Handler  stm32f4xx_it.o
    0x08003300   0x08003300   0x00000058   Code   RO         3265    i.IIC_Init          myiic.o
    0x08003358   0x08003358   0x00000054   Code   RO         3268    i.IIC_Send_Byte     myiic.o
    0x080033ac   0x080033ac   0x00000030   Code   RO         3269    i.IIC_Start         myiic.o
    0x080033dc   0x080033dc   0x00000030   Code   RO         3270    i.IIC_Stop          myiic.o
    0x0800340c   0x0800340c   0x00000044   Code   RO         3271    i.IIC_Wait_Ack      myiic.o
    0x08003450   0x08003450   0x00000020   Code   RO         3272    i.IN_CHG            myiic.o
    0x08003470   0x08003470   0x00000064   Code   RO          275    i.MX_ADC1_Init      adc.o
    0x080034d4   0x080034d4   0x0000002c   Code   RO          315    i.MX_DMA_Init       dma.o
    0x08003500   0x08003500   0x00000130   Code   RO          228    i.MX_GPIO_Init      gpio.o
    0x08003630   0x08003630   0x00000068   Code   RO          341    i.MX_TIM1_Init      tim.o
    0x08003698   0x08003698   0x00000064   Code   RO          342    i.MX_TIM2_Init      tim.o
    0x080036fc   0x080036fc   0x00000038   Code   RO          389    i.MX_USART1_UART_Init  usart.o
    0x08003734   0x08003734   0x00000002   Code   RO          442    i.MemManage_Handler  stm32f4xx_it.o
    0x08003736   0x08003736   0x00000002   Code   RO          443    i.NMI_Handler       stm32f4xx_it.o
    0x08003738   0x08003738   0x0000002c   Code   RO         3355    i.OLED_Clear        oled.o
    0x08003764   0x08003764   0x00000020   Code   RO         3356    i.OLED_ClearPoint   oled.o
    0x08003784   0x08003784   0x0000001c   Code   RO         3359    i.OLED_DrawPoint    oled.o
    0x080037a0   0x080037a0   0x000000f2   Code   RO         3360    i.OLED_Init         oled.o
    0x08003892   0x08003892   0x00000002   PAD
    0x08003894   0x08003894   0x0000004c   Code   RO         3361    i.OLED_Refresh      oled.o
    0x080038e0   0x080038e0   0x000000ac   Code   RO         3363    i.OLED_ShowChar     oled.o
    0x0800398c   0x0800398c   0x000000d0   Code   RO         3364    i.OLED_ShowChinese  oled.o
    0x08003a5c   0x08003a5c   0x00000040   Code   RO         3366    i.OLED_ShowString   oled.o
    0x08003a9c   0x08003a9c   0x00000036   Code   RO         3367    i.OLED_WR_Byte      oled.o
    0x08003ad2   0x08003ad2   0x00000002   PAD
    0x08003ad4   0x08003ad4   0x00000020   Code   RO         3273    i.OUT_CHG           myiic.o
    0x08003af4   0x08003af4   0x00000002   Code   RO          444    i.PendSV_Handler    stm32f4xx_it.o
    0x08003af6   0x08003af6   0x00000002   Code   RO          445    i.SVC_Handler       stm32f4xx_it.o
    0x08003af8   0x08003af8   0x00000070   Code   RO          229    i.SW_Control        gpio.o
    0x08003b68   0x08003b68   0x00000004   Code   RO          446    i.SysTick_Handler   stm32f4xx_it.o
    0x08003b6c   0x08003b6c   0x00000084   Code   RO           16    i.SystemClock_Config  main.o
    0x08003bf0   0x08003bf0   0x0000001c   Code   RO         3227    i.SystemInit        system_stm32f4xx.o
    0x08003c0c   0x08003c0c   0x0000000c   Code   RO          447    i.TIM1_UP_TIM10_IRQHandler  stm32f4xx_it.o
    0x08003c18   0x08003c18   0x000000c8   Code   RO         2062    i.TIM_Base_SetConfig  stm32f4xx_hal_tim.o
    0x08003ce0   0x08003ce0   0x00000014   Code   RO         2073    i.TIM_ETR_SetConfig  stm32f4xx_hal_tim.o
    0x08003cf4   0x08003cf4   0x00000010   Code   RO         2074    i.TIM_ITRx_SetConfig  stm32f4xx_hal_tim.o
    0x08003d04   0x08003d04   0x00000022   Code   RO         2080    i.TIM_TI1_ConfigInputStage  stm32f4xx_hal_tim.o
    0x08003d26   0x08003d26   0x00000024   Code   RO         2082    i.TIM_TI2_ConfigInputStage  stm32f4xx_hal_tim.o
    0x08003d4a   0x08003d4a   0x00000002   PAD
    0x08003d4c   0x08003d4c   0x00000128   Code   RO         2951    i.UART_SetConfig    stm32f4xx_hal_uart.o
    0x08003e74   0x08003e74   0x00000064   Code   RO         2953    i.UART_WaitOnFlagUntilTimeout  stm32f4xx_hal_uart.o
    0x08003ed8   0x08003ed8   0x00000002   Code   RO          448    i.UsageFault_Handler  stm32f4xx_it.o
    0x08003eda   0x08003eda   0x00000002   PAD
    0x08003edc   0x08003edc   0x00000020   Code   RO         4010    i.__0printf         mc_w.l(printfa.o)
    0x08003efc   0x08003efc   0x00000030   Code   RO         4011    i.__0snprintf       mc_w.l(printfa.o)
    0x08003f2c   0x08003f2c   0x00000020   Code   RO         1597    i.__NVIC_SetPriority  stm32f4xx_hal_cortex.o
    0x08003f4c   0x08003f4c   0x0000003a   Code   RO         3758    i.__hardfp_sqrtf    m_wm.l(sqrtf_full.o)
    0x08003f86   0x08003f86   0x0000000e   Code   RO         4093    i.__scatterload_copy  mc_w.l(handlers.o)
    0x08003f94   0x08003f94   0x00000002   Code   RO         4094    i.__scatterload_null  mc_w.l(handlers.o)
    0x08003f96   0x08003f96   0x0000000e   Code   RO         4095    i.__scatterload_zeroinit  mc_w.l(handlers.o)
    0x08003fa4   0x08003fa4   0x0000000c   Code   RO         4069    i.__set_errno       mc_w.l(errno.o)
    0x08003fb0   0x08003fb0   0x00000184   Code   RO         4017    i._fp_digits        mc_w.l(printfa.o)
    0x08004134   0x08004134   0x000006dc   Code   RO         4018    i._printf_core      mc_w.l(printfa.o)
    0x08004810   0x08004810   0x00000024   Code   RO         4019    i._printf_post_padding  mc_w.l(printfa.o)
    0x08004834   0x08004834   0x0000002e   Code   RO         4020    i._printf_pre_padding  mc_w.l(printfa.o)
    0x08004862   0x08004862   0x00000016   Code   RO         4021    i._snputc           mc_w.l(printfa.o)
    0x08004878   0x08004878   0x000000f4   Code   RO           17    i.arm_rfft_fast_f32_app  main.o
    0x0800496c   0x0800496c   0x0000001a   Code   RO         3485    i.delay_ms          delay.o
    0x08004986   0x08004986   0x00000002   PAD
    0x08004988   0x08004988   0x00000034   Code   RO         3486    i.delay_us          delay.o
    0x080049bc   0x080049bc   0x000000a8   Code   RO           18    i.display_distort   main.o
    0x08004a64   0x08004a64   0x00000018   Code   RO          390    i.fputc             usart.o
    0x08004a7c   0x08004a7c   0x00000138   Code   RO           19    i.main              main.o
    0x08004bb4   0x08004bb4   0x00000008   Data   RO         1314    .constdata          stm32f4xx_hal_dma.o
    0x08004bbc   0x08004bbc   0x00000010   Data   RO         3228    .constdata          system_stm32f4xx.o
    0x08004bcc   0x08004bcc   0x00000008   Data   RO         3229    .constdata          system_stm32f4xx.o
    0x08004bd4   0x08004bd4   0x00001868   Data   RO         3373    .constdata          oled.o
    0x0800643c   0x0800643c   0x00000080   Data   RO         3652    .constdata          arm_cortexM4lf_math.lib(arm_common_tables.o)
    0x080064bc   0x080064bc   0x00000100   Data   RO         3653    .constdata          arm_cortexM4lf_math.lib(arm_common_tables.o)
    0x080065bc   0x080065bc   0x00000200   Data   RO         3654    .constdata          arm_cortexM4lf_math.lib(arm_common_tables.o)
    0x080067bc   0x080067bc   0x00000400   Data   RO         3655    .constdata          arm_cortexM4lf_math.lib(arm_common_tables.o)
    0x08006bbc   0x08006bbc   0x00000800   Data   RO         3656    .constdata          arm_cortexM4lf_math.lib(arm_common_tables.o)
    0x080073bc   0x080073bc   0x00001000   Data   RO         3657    .constdata          arm_cortexM4lf_math.lib(arm_common_tables.o)
    0x080083bc   0x080083bc   0x00002000   Data   RO         3658    .constdata          arm_cortexM4lf_math.lib(arm_common_tables.o)
    0x0800a3bc   0x0800a3bc   0x00004000   Data   RO         3659    .constdata          arm_cortexM4lf_math.lib(arm_common_tables.o)
    0x0800e3bc   0x0800e3bc   0x00000028   Data   RO         3681    .constdata          arm_cortexM4lf_math.lib(arm_common_tables.o)
    0x0800e3e4   0x0800e3e4   0x00000060   Data   RO         3682    .constdata          arm_cortexM4lf_math.lib(arm_common_tables.o)
    0x0800e444   0x0800e444   0x00000070   Data   RO         3683    .constdata          arm_cortexM4lf_math.lib(arm_common_tables.o)
    0x0800e4b4   0x0800e4b4   0x000001a0   Data   RO         3684    .constdata          arm_cortexM4lf_math.lib(arm_common_tables.o)
    0x0800e654   0x0800e654   0x00000370   Data   RO         3685    .constdata          arm_cortexM4lf_math.lib(arm_common_tables.o)
    0x0800e9c4   0x0800e9c4   0x00000380   Data   RO         3686    .constdata          arm_cortexM4lf_math.lib(arm_common_tables.o)
    0x0800ed44   0x0800ed44   0x00000e10   Data   RO         3687    .constdata          arm_cortexM4lf_math.lib(arm_common_tables.o)
    0x0800fb54   0x0800fb54   0x00001dc0   Data   RO         3688    .constdata          arm_cortexM4lf_math.lib(arm_common_tables.o)
    0x08011914   0x08011914   0x00000080   Data   RO         3699    .constdata          arm_cortexM4lf_math.lib(arm_common_tables.o)
    0x08011994   0x08011994   0x00000100   Data   RO         3700    .constdata          arm_cortexM4lf_math.lib(arm_common_tables.o)
    0x08011a94   0x08011a94   0x00000200   Data   RO         3701    .constdata          arm_cortexM4lf_math.lib(arm_common_tables.o)
    0x08011c94   0x08011c94   0x00000400   Data   RO         3702    .constdata          arm_cortexM4lf_math.lib(arm_common_tables.o)
    0x08012094   0x08012094   0x00000800   Data   RO         3703    .constdata          arm_cortexM4lf_math.lib(arm_common_tables.o)
    0x08012894   0x08012894   0x00001000   Data   RO         3704    .constdata          arm_cortexM4lf_math.lib(arm_common_tables.o)
    0x08013894   0x08013894   0x00002000   Data   RO         3705    .constdata          arm_cortexM4lf_math.lib(arm_common_tables.o)
    0x08015894   0x08015894   0x00004000   Data   RO         3706    .constdata          arm_cortexM4lf_math.lib(arm_common_tables.o)
    0x08019894   0x08019894   0x00000020   Data   RO         4091    Region$$Table       anon$$obj.o


    Execution Region RW_IRAM2 (Exec base: 0x10000000, Load base: 0x08019a60, Size: 0x00000000, Max: 0x00010000, ABSOLUTE)

    **** No section assigned to this execution region ****


    Execution Region RW_IRAM1 (Exec base: 0x20000000, Load base: 0x080198b4, Size: 0x000045e0, Max: 0x00020000, ABSOLUTE, COMPRESSED[0x000001ac])

    Exec Addr    Load Addr    Size         Type   Attr      Idx    E Section Name        Object

    0x20000000   COMPRESSED   0x0000000c   Data   RW           21    .data               main.o
    0x2000000c   COMPRESSED   0x00000006   Data   RW          230    .data               gpio.o
    0x20000012   COMPRESSED   0x00000002   PAD
    0x20000014   COMPRESSED   0x0000000c   Data   RW         1741    .data               stm32f4xx_hal.o
    0x20000020   COMPRESSED   0x00000004   Data   RW         3230    .data               system_stm32f4xx.o
    0x20000024   COMPRESSED   0x00000418   Data   RW         3374    .data               oled.o
    0x2000043c   COMPRESSED   0x00000004   Data   RW         3487    .data               delay.o
    0x20000440   COMPRESSED   0x00000004   Data   RW         4060    .data               mc_w.l(stdout.o)
    0x20000444   COMPRESSED   0x00000004   Data   RW         4070    .data               mc_w.l(errno.o)
    0x20000448        -       0x0000382c   Zero   RW           20    .bss                main.o
    0x20003c74        -       0x000000a8   Zero   RW          276    .bss                adc.o
    0x20003d1c        -       0x00000080   Zero   RW          343    .bss                tim.o
    0x20003d9c        -       0x00000040   Zero   RW          391    .bss                usart.o
    0x20003ddc        -       0x00000400   Zero   RW         3369    .bss                oled.o
    0x200041dc   COMPRESSED   0x00000004   PAD
    0x200041e0        -       0x00000400   Zero   RW            1    STACK               startup_stm32f407xx.o


==============================================================================

Image component sizes


      Code (inc. data)   RO Data    RW Data    ZI Data      Debug   Object Name

       268         30          0          0        168       1759   adc.o
        78          4          0          4          0       1390   delay.o
        44          4          0          0          0        762   dma.o
       568         56          0          6          0       2613   gpio.o
       954        160          0         12      14380     727403   main.o
       400         44          0          0          0       6730   myiic.o
       920         44       6248       1048       1024       8180   oled.o
        36          8        392          0       1024        840   startup_stm32f407xx.o
       180         28          0         12          0       9433   stm32f4xx_hal.o
      1568         64          0          0          0       9157   stm32f4xx_hal_adc.o
         2          0          0          0          0        993   stm32f4xx_hal_adc_ex.o
       198         14          0          0          0      33971   stm32f4xx_hal_cortex.o
      1044         16          8          0          0       6723   stm32f4xx_hal_dma.o
       498         52          0          0          0       4327   stm32f4xx_hal_gpio.o
        48          6          0          0          0        838   stm32f4xx_hal_msp.o
      1328         72          0          0          0       5252   stm32f4xx_hal_rcc.o
      1054         44          0          0          0      11310   stm32f4xx_hal_tim.o
       148         28          0          0          0       2469   stm32f4xx_hal_tim_ex.o
       680         10          0          0          0       4144   stm32f4xx_hal_uart.o
        86         18          0          0          0       6500   stm32f4xx_it.o
        28          6         24          4          0       1143   system_stm32f4xx.o
       288         20          0          0        128       2375   tim.o
       188         26          0          0         64       2286   usart.o

    ----------------------------------------------------------------------
     10630        754       6704       1088      16792     850598   Object Totals
         0          0         32          0          0          0   (incl. Generated)
        24          0          0          2          4          0   (incl. Padding)

    ----------------------------------------------------------------------

      Code (inc. data)   RO Data    RW Data    ZI Data      Debug   Library Member Name

       192          0          0          0          0        528   arm_bitreversal2.o
      1826          0          0          0          0       3577   arm_cfft_f32.o
      1244          4          0          0          0       2395   arm_cfft_radix8_f32.o
       252          6          0          0          0      17360   arm_cmplx_mag_f32.o
         0          0      78936          0          0       4636   arm_common_tables.o
       402          0          0          0          0      15592   arm_rfft_fast_f32.o
       296         98          0          0          0       1137   arm_rfft_fast_init_f32.o
        58          0          0          0          0        136   sqrtf_full.o
        86          0          0          0          0          0   __dczerorl2.o
         0          0          0          0          0          0   entry.o
         0          0          0          0          0          0   entry10a.o
         0          0          0          0          0          0   entry11a.o
         8          4          0          0          0          0   entry2.o
         4          0          0          0          0          0   entry5.o
         0          0          0          0          0          0   entry7b.o
         0          0          0          0          0          0   entry8b.o
         8          4          0          0          0          0   entry9a.o
        12          6          0          4          0         68   errno.o
        30          0          0          0          0          0   handlers.o
        36          8          0          0          0         68   init.o
         0          0          0          0          0          0   iusefp.o
        30          0          0          0          0         68   llshl.o
        36          0          0          0          0         68   llsshr.o
        32          0          0          0          0         68   llushr.o
        36          0          0          0          0        108   memseta.o
      2328         94          0          0          0        604   printfa.o
         0          0          0          4          0          0   stdout.o
        44          0          0          0          0         80   uidiv.o
        98          0          0          0          0         92   uldiv.o
        48          0          0          0          0         68   cdrcmple.o
        56          0          0          0          0         88   d2f.o
       334          0          0          0          0        148   dadd.o
       222          0          0          0          0        100   ddiv.o
       186          0          0          0          0        176   depilogue.o
        48          0          0          0          0         68   dfixul.o
        26          0          0          0          0         76   dfltui.o
       228          0          0          0          0         96   dmul.o
        38          0          0          0          0         68   f2d.o
       110          0          0          0          0        168   fepilogue.o

    ----------------------------------------------------------------------
      8358        224      78936          8          0      47641   Library Totals
         4          0          0          0          0          0   (incl. Padding)

    ----------------------------------------------------------------------

      Code (inc. data)   RO Data    RW Data    ZI Data      Debug   Library Name

      4212        108      78936          0          0      45225   arm_cortexM4lf_math.lib
        58          0          0          0          0        136   m_wm.l
      2788        116          0          8          0       1224   mc_w.l
      1296          0          0          0          0       1056   mf_w.l

    ----------------------------------------------------------------------
      8358        224      78936          8          0      47641   Library Totals

    ----------------------------------------------------------------------

==============================================================================


      Code (inc. data)   RO Data    RW Data    ZI Data      Debug   

     18988        978      85640       1096      16792     885979   Grand Totals
     18988        978      85640        428      16792     885979   ELF Image Totals (compressed)
     18988        978      85640        428          0          0   ROM Totals

==============================================================================

    Total RO  Size (Code + RO Data)               104628 ( 102.18kB)
    Total RW  Size (RW Data + ZI Data)             17888 (  17.47kB)
    Total ROM Size (Code + RO Data + RW Data)     105056 ( 102.59kB)

==============================================================================

